Archive member included to satisfy reference by file (symbol)

./build/open_esplibs_libmain.a(timers.o)
                              (--whole-archive)
./build/open_esplibs_libmain.a(misc.o)
                              (--whole-archive)
./build/open_esplibs_libmain.a(uart.o)
                              (--whole-archive)
./build/open_esplibs_libmain.a(os_cpu_a.o)
                              (--whole-archive)
./build/open_esplibs_libmain.a(spi_flash.o)
                              (--whole-archive)
./build/open_esplibs_libmain.a(ets_timer.o)
                              (--whole-archive)
./build/open_esplibs_libmain.a(user_interface.o)
                              (--whole-archive)
./build/open_esplibs_libmain.a(xtensa_context.o)
                              (--whole-archive)
./build/open_esplibs_libnet80211.a(ieee80211_sta.o)
                              (--whole-archive)
./build/open_esplibs_libnet80211.a(ieee80211_input.o)
                              (--whole-archive)
./build/open_esplibs_libnet80211.a(ieee80211_ets.o)
                              (--whole-archive)
./build/open_esplibs_libnet80211.a(wl_cnx.o)
                              (--whole-archive)
./build/open_esplibs_libnet80211.a(ieee80211_hostap.o)
                              (--whole-archive)
./build/open_esplibs_libphy.a(phy_sleep.o)
                              (--whole-archive)
./build/open_esplibs_libphy.a(phy.o)
                              (--whole-archive)
./build/open_esplibs_libphy.a(phy_chip_v6.o)
                              (--whole-archive)
./build/open_esplibs_libpp.a(wdev.o)
                              (--whole-archive)
./build/open_esplibs_libpp.a(lmac.o)
                              (--whole-archive)
./build/open_esplibs_libpp.a(esf_buf.o)
                              (--whole-archive)
./build/open_esplibs_libpp.a(pp.o)
                              (--whole-archive)
./build/open_esplibs_libpp.a(if_hwctrl.o)
                              (--whole-archive)
./build/open_esplibs_libpp.a(pm.o)
                              (--whole-archive)
./build/open_esplibs_libwpa.a(wpa_main.o)
                              (--whole-archive)
./build/open_esplibs_libwpa.a(os_xtensa.o)
                              (--whole-archive)
./build/freertos.a(timers.o)  ./build/open_esplibs_libmain.a(timers.o) (xTimerCreate)
./build/freertos.a(tasks.o)   ./build/open_esplibs_libmain.a(os_cpu_a.o) (pxCurrentTCB)
./build/freertos.a(list.o)    ./build/freertos.a(timers.o) (vListInitialise)
./build/freertos.a(queue.o)   ./build/freertos.a(timers.o) (xQueueGenericCreate)
./build/freertos.a(port.o)    ./build/freertos.a(timers.o) (vAssertCalled)
./build/lwip.a(esp_interface.o)
                              ./build/open_esplibs_libnet80211.a(ieee80211_input.o) (ethernetif_input)
./build/lwip.a(sys_arch.o)    ./build/open_esplibs_libmain.a(user_interface.o) (sys_lock_tcpip_core)
./build/lwip.a(tcpip.o)       ./build/open_esplibs_libnet80211.a(ieee80211_sta.o) (tcpip_input)
./build/lwip.a(def.o)         ./build/lwip.a(esp_interface.o) (lwip_htons)
./build/lwip.a(netif.o)       ./build/open_esplibs_libmain.a(user_interface.o) (netif_set_addr)
./build/lwip.a(pbuf.o)        ./build/open_esplibs_libnet80211.a(ieee80211_input.o) (pbuf_alloc_reference)
./build/lwip.a(timeouts.o)    ./build/lwip.a(tcpip.o) (sys_check_timeouts)
./build/lwip.a(tcp.o)         ./build/lwip.a(pbuf.o) (tcp_active_pcbs)
./build/lwip.a(memp.o)        ./build/lwip.a(tcpip.o) (memp_malloc)
./build/lwip.a(init.o)        ./build/lwip.a(tcpip.o) (lwip_init)
./build/lwip.a(mem.o)         ./build/lwip.a(init.o) (mem_init)
./build/lwip.a(ip4.o)         ./build/lwip.a(tcp.o) (ip4_route)
./build/lwip.a(igmp.o)        ./build/lwip.a(init.o) (igmp_init)
./build/lwip.a(ip4_addr.o)    ./build/lwip.a(ip4.o) (ip4_addr_isbroadcast_u32)
./build/lwip.a(etharp.o)      ./build/lwip.a(timeouts.o) (etharp_tmr)
./build/lwip.a(dhcp.o)        ./build/lwip.a(netif.o) (dhcp_network_changed)
./build/lwip.a(ip4_frag.o)    ./build/lwip.a(timeouts.o) (ip_reass_tmr)
./build/lwip.a(ethernet.o)    ./build/lwip.a(etharp.o) (ethbroadcast)
./build/lwip.a(tcp_out.o)     ./build/lwip.a(tcp.o) (tcp_split_unsent_seg)
./build/lwip.a(udp.o)         ./build/lwip.a(init.o) (udp_init)
./build/lwip.a(tcp_in.o)      ./build/lwip.a(tcp.o) (tcp_input_pcb)
./build/lwip.a(ip.o)          ./build/lwip.a(ip4.o) (ip_data)
./build/lwip.a(dns.o)         ./build/lwip.a(init.o) (dns_init)
./build/lwip.a(inet_chksum.o)
                              ./build/lwip.a(tcp_out.o) (ip_chksum_pseudo)
./build/lwip.a(icmp.o)        ./build/lwip.a(ip4.o) (icmp_input)
./build/core.a(debug_dumps.o)
                              ./build/freertos.a(port.o) (abort)
./build/core.a(esp_hwrand.o)  ./build/lwip.a(tcp.o) (hwrand)
./build/core.a(sdk_compat.o)  ./build/open_esplibs_libnet80211.a(ieee80211_hostap.o) (zalloc)
[...]
Memory Configuration

Name             Origin             Length             Attributes
dport0_0_seg     0x3ff00000         0x00000010
dram0_0_seg      0x3ffe8000         0x00014000
iram1_0_seg      0x40100000         0x00008000
irom0_0_seg      0x40202010         0x000fdff0
*default*        0x00000000         0xffffffff

Linker script and memory map

LOAD ./build/open_esplibs_libmain.a
LOAD ./build/open_esplibs_libnet80211.a
LOAD ./build/open_esplibs_libphy.a
LOAD ./build/open_esplibs_libpp.a
LOAD ./build/open_esplibs_libwpa.a
START GROUP
LOAD ./build/program.a
LOAD ./build/freertos.a
LOAD ./build/lwip.a
LOAD ./build/core.a
LOAD ./build/open_esplibs.a
LOAD ./build/libgcc.a
LOAD ./build/libc.a
LOAD C:/msys32/home/Quang/esp-open-rtos/lib\libhal.a
LOAD ./build/sdklib\libmain.a
LOAD ./build/sdklib\libnet80211.a
LOAD ./build/sdklib\libphy.a
LOAD ./build/sdklib\libpp.a
LOAD ./build/sdklib\libwpa.a
END GROUP
                0x40105a60                pvPortMalloc = malloc
                0x40105a7c                vPortFree = free
                0x40105d78                ets_printf = printf
                [!provide]                PROVIDE (_memmap_vecbase_reset = 0x40000000)
                0x00000110                _memmap_cacheattr_wb_base = 0x110
                0x00000110                _memmap_cacheattr_wt_base = 0x110
                0x00000220                _memmap_cacheattr_bp_base = 0x220
                0xfffff00f                _memmap_cacheattr_unused_mask = 0xfffff00f
                0x2222211f                _memmap_cacheattr_wb_trapnull = 0x2222211f
                0x2222211f                _memmap_cacheattr_wba_trapnull = 0x2222211f
                0x2222211f                _memmap_cacheattr_wbna_trapnull = 0x2222211f
                0x2222211f                _memmap_cacheattr_wt_trapnull = 0x2222211f
                0x2222222f                _memmap_cacheattr_bp_trapnull = 0x2222222f
                0xfffff11f                _memmap_cacheattr_wb_strict = 0xfffff11f
                0xfffff11f                _memmap_cacheattr_wt_strict = 0xfffff11f
                0xfffff22f                _memmap_cacheattr_bp_strict = 0xfffff22f
                0x22222112                _memmap_cacheattr_wb_allvalid = 0x22222112
                0x22222112                _memmap_cacheattr_wt_allvalid = 0x22222112
                0x22222222                _memmap_cacheattr_bp_allvalid = 0x22222222
                [!provide]                PROVIDE (_memmap_cacheattr_reset = _memmap_cacheattr_wb_trapnull)

.dport0.rodata  0x3ff00000        0x0
                0x3ff00000                _dport0_rodata_start = ABSOLUTE (.)
 *(.dport0.rodata)
 *(.dport.rodata)
                0x3ff00000                _dport0_rodata_end = ABSOLUTE (.)

.dport0.literal
                0x3ff00000        0x0
                0x3ff00000                _dport0_literal_start = ABSOLUTE (.)
 *(.dport0.literal)
 *(.dport.literal)
                0x3ff00000                _dport0_literal_end = ABSOLUTE (.)

.dport0.data    0x3ff00000        0x0
                0x3ff00000                _dport0_data_start = ABSOLUTE (.)
 *(.dport0.data)
 *(.dport.data)
                0x3ff00000                _dport0_data_end = ABSOLUTE (.)

.text           0x40100000     0x6c2e
                0x40100000                _stext = .
                0x40100000                _text_start = ABSOLUTE (.)
                0x40100000                . = ALIGN (0x10)
 *(.vecbase.text)
 .vecbase.text  0x40100000      0x3b2 ./build/core.a(exception_vectors.o)
                0x40100000                VecBase
                0x4010023c                call_user_start
                0x4010039e                _xt_user_exit
 *(.entry.text)
 *(.init.literal)
 *(.init)
 *(.iram1.*)
 *fill*         0x401003b2        0x2 
 .iram1.text    0x401003b4        0xb ./build/open_esplibs_libmain.a(misc.o)
                0x401003b8                sdk_os_get_cpu_frequency
 *fill*         0x401003bf        0x1 
 .iram1.text    0x401003c0      0x12d ./build/open_esplibs_libmain.a(os_cpu_a.o)
                                0x175 (size before relaxing)
                0x401003c4                vPortYield
                0x401003fc                sdk__xt_int_enter
                0x40100414                sdk__xt_int_exit
                0x40100444                sdk__xt_timer_int
                0x40100480                sdk__xt_timer_int1
                0x40100494                sdk__xt_tick_timer_init
                0x401004c0                sdk__xt_isr_unmask
                0x401004d0                sdk__xt_isr_mask
                0x401004e0                sdk__xt_read_ints
                0x401004e8                sdk__xt_clear_ints
 *fill*         0x401004ed        0x3 
 .iram1.text    0x401004f0      0x3e4 ./build/open_esplibs_libmain.a(spi_flash.o)
                                0x4b4 (size before relaxing)
                0x401005e8                sdk_SPIReadModeCnfig
                0x4010065c                sdk_SPIWrite
                0x40100680                sdk_SPIRead
                0x401006ac                sdk_SPIEraseSector
                0x4010070c                sdk_spi_flash_get_id
                0x40100768                sdk_spi_flash_read_status
                0x401007a8                sdk_spi_flash_write_status
                0x401007e4                sdk_spi_flash_erase_sector
                0x40100818                sdk_spi_flash_write
                0x40100880                sdk_spi_flash_read
 .iram1.text    0x401008d4       0x47 ./build/open_esplibs_libmain.a(ets_timer.o)
                                 0x4f (size before relaxing)
 *fill*         0x4010091b        0x1 
 .iram1.text    0x4010091c      0x1f5 ./build/open_esplibs_libmain.a(user_interface.o)
                                0x211 (size before relaxing)
                0x40100934                sdk_system_restart_in_nmi
                0x40100a44                sdk_system_rtc_mem_write
                0x40100aac                sdk_system_rtc_mem_read
 *fill*         0x40100b11        0x3 
 .iram1.text    0x40100b14       0x59 ./build/open_esplibs_libnet80211.a(ieee80211_input.o)
                0x40100b20                sdk_ieee80211_deliver_data
 *fill*         0x40100b6d        0x3 
 .iram1.text    0x40100b70      0x1c6 ./build/open_esplibs_libnet80211.a(ieee80211_hostap.o)
                                0x1da (size before relaxing)
 *fill*         0x40100d36        0x2 
 .iram1.text    0x40100d38       0x55 ./build/open_esplibs_libwpa.a(os_xtensa.o)
                                 0x65 (size before relaxing)
                0x40100d38                sdk_os_get_time
                0x40100d3c                sdk_os_random
                0x40100d4c                sdk_os_get_random
 *fill*         0x40100d8d        0x3 
 .iram1.text    0x40100d90      0x103 ./build/freertos.a(port.o)
                                0x13b (size before relaxing)
                0x40100d98                SV_ISR
                0x40100de0                vPortEnterCritical
                0x40100e0c                vPortExitCritical
                0x40100e38                PendSV
 *fill*         0x40100e93        0x1 
 .iram1.text    0x40100e94       0x98 ./build/core.a(debug_dumps.o)
                                 0xb4 (size before relaxing)
                0x40100eec                debug_exception_handler
                0x40100eec                fatal_exception_handler
                0x40100f0c                abort
 .iram1.text    0x40100f2c       0x12 ./build/core.a(esp_hwrand.o)
                0x40100f30                hwrand
 *fill*         0x40100f3e        0x2 
 .iram1.text    0x40100f40       0x1b ./build/core.a(sdk_compat.o)
                0x40100f44                zalloc
 *fill*         0x40100f5b        0x1 
 .iram1.text    0x40100f5c      0x30f ./build/core.a(app_main.o)
                                0x363 (size before relaxing)
                0x40100f84                vApplicationStackOverflowHook
                0x40100fac                vApplicationIdleHook
                0x40100fd0                vApplicationTickHook
                0x40101050                sdk_user_start
 *fill*         0x4010126b        0x1 
 .iram1.text    0x4010126c       0xae ./build/core.a(esp_interrupts.o)
                                 0xb2 (size before relaxing)
                0x40101270                _xt_isr_attach
                0x40101288                _xt_isr_handler
 *fill*         0x4010131a        0x2 
 .iram1.text    0x4010131c       0x67 ./build/core.a(spiflash-cache-enable.o)
                                 0x7b (size before relaxing)
                0x4010132c                Cache_Read_Enable
 *fill*         0x40101383        0x1 
 .iram1.text    0x40101384       0x38 ./build/core.a(newlib_syscalls.o)
                0x40101390                _sbrk_r
 .iram1.text    0x401013bc      0x3e7 ./build/core.a(spiflash.o)
                                0x493 (size before relaxing)
                0x401014d0                spiflash_read
                0x401015c4                spiflash_write
                0x40101730                spiflash_erase_sector
 *fill*         0x401017a3        0x1 
 .iram1.text    0x401017a4       0x80 ./build/core.a(esp_gpio.o)
                0x401017ac                gpio_interrupt_handler
 .iram1.text    0x40101824       0x28 ./build/core.a(esp_iomux.o)
                0x40101828                gpio_to_iomux
                0x4010183c                iomux_to_gpio
 *fill*         0x4010184c        0x0 
 *fill*         0x4010184c        0x0 
 *fill*         0x4010184c        0x0 
 *fill*         0x4010184c        0x0 
 *fill*         0x4010184c        0x0 
 .iram1.text    0x4010184c       0x3d ./build/open_esplibs_libmain.a(xtensa_context.o)
                0x4010184c                sdk__xt_context_save
                0x40101868                sdk__xt_context_restore
 *fill*         0x40101889        0x0 
 *fill*         0x40101889        0x0 
 *fill*         0x40101889        0x0 
 *fill*         0x40101889        0x0 
 *fill*         0x40101889        0x3 
 .iram1.data    0x4010188c        0x4 ./build/core.a(debug_dumps.o)
 *fill*         0x40101890        0x0 
 *fill*         0x40101890        0x0 
 *fill*         0x40101890        0x0 
 *fill*         0x40101890        0x0 
 *fill*         0x40101890        0x0 
 *fill*         0x40101890        0x0 
 .iram1.data    0x40101890       0x80 ./build/core.a(esp_iomux.o)
 *sdklib*:*(.literal .text .literal.* .text.*)
 .text          0x40101910        0xb ./build/sdklib\libnet80211.a(wl_chm.o)
                0x40101914                sdk_chm_get_current_channel
 *fill*         0x4010191b        0x1 
 .text          0x4010191c       0x4f ./build/sdklib\libphy.a(phy.o)
                                 0x53 (size before relaxing)
                0x40101924                sdk_register_phy_ops
                0x40101944                sdk_phy_change_channel
                0x40101960                sdk_phy_get_mactime
 *fill*         0x4010196b        0x1 
 .text          0x4010196c       0xf7 ./build/sdklib\libphy.a(phy_sleep.o)
                                0x103 (size before relaxing)
                0x4010197c                sdk_pm_rtc_clock_cali
                0x40101a38                sdk_clockgate_watchdog
 *fill*         0x40101a63        0x1 
 .text          0x40101a64       0x94 ./build/sdklib\libpp.a(esf_buf.o)
                                 0xb4 (size before relaxing)
                0x40101a68                sdk_esf_rx_buf_alloc
 .text          0x40101af8     0x14e0 ./build/sdklib\libpp.a(lmac.o)
                               0x187c (size before relaxing)
                0x40101afc                sdk_lmacIsActive
                0x40101b10                sdk_lmacIsIdle
                0x40101f58                sdk_lmacSetAcParam
                0x40101ff4                sdk_lmacProcessTXStartData
                0x4010219c                sdk_lmacProcessTxSuccess
                0x401022e4                sdk_GetAccess
                0x401022f0                sdk_lmacDiscardAgedMSDU
                0x40102304                sdk_lmacRecycleMPDU
                0x401027e4                sdk_lmacProcessCollisions
                0x40102840                sdk_lmacProcessCollision
                0x401028c4                sdk_lmacMSDUAged
                0x40102c48                sdk_lmacProcessCtsTimeout
                0x40102c90                sdk_lmacProcessAckTimeout
                0x40102ce4                sdk_lmacProcessRtsStart
                0x40102cf0                sdk_lmacProcessTxRtsError
                0x40102d88                sdk_lmacProcessTxError
                0x40102e0c                sdk_lmacTxFrame
                0x40102fc0                sdk_lmacRxDone
 .text          0x40102fd8      0xe70 ./build/sdklib\libpp.a(pp.o)
                               0x103c (size before relaxing)
                0x40103008                sdk_pp_soft_wdt_feed
                0x4010311c                sdk_ppProcessTxQ
                0x4010320c                sdk_ppFetchTxQFirstAvail
                0x4010324c                sdk_ppDequeueTxQ
                0x40103274                sdk_ppRollBackTxQ
                0x40103298                sdk_ppRecordBarRRC
                0x401032a8                sdk_ppTxqUpdateBitmap
                0x401032cc                sdk_ppEnqueueTxDone
                0x40103300                sdk_ppEnqueueRxq
                0x40103ac8                sdk_ppDiscardMPDU
                0x40103afc                sdk_MacIsrSigPostDefHdl
                0x40103bf0                sdk_pp_post
                0x40103cf4                sdk_ppCalTxop
                0x40103dd8                sdk_ppCalFrameTimes
 .text          0x40103e48       0xf5 ./build/sdklib\libpp.a(rate_control.o)
                                0x109 (size before relaxing)
                0x40103e68                sdk_RC_GetAckRate
                0x40103e74                sdk_RC_GetRtsRate
                0x40103e84                sdk_RC_GetAckTime
                0x40103e98                sdk_RC_GetCtsTime
                0x40103ed0                sdk_RC_GetBlockAckTime
 *fill*         0x40103f3d        0x3 
 .text          0x40103f40      0x7f9 ./build/sdklib\libpp.a(trc.o)
                                0x81d (size before relaxing)
                0x401040b8                sdk_rcUpdateTxDone
                0x4010414c                sdk_rcUpdateRxDone
                0x401041a8                sdk_rcUpdateDataRxDone
                0x401041c0                sdk_rcGetSched
                0x40104268                sdk_rcGetRate
                0x4010466c                sdk_rcReachRetryLimit
                0x40104684                sdk_trc_NeedRTS
 *fill*         0x40104739        0x3 
 .text          0x4010473c     0x1163 ./build/sdklib\libpp.a(wdev.o)
                               0x1473 (size before relaxing)
                0x40104a90                sdk_wDev_MacTimSetFunc
                0x40104ab0                sdk_wDev_MacTimArm
                0x40104b54                sdk_wDev_MacTim1Arm
                0x40104c30                sdk_wDev_ProcessFiq
                0x40104fd4                sdk_wDev_EnableTransmit
                0x40105018                sdk_wDev_DisableTransmit
                0x40105038                sdk_Tx_Copy2Queue
                0x40105080                sdk_wDev_ProcessCollision
                0x401050a4                sdk_wDev_GetTxqCollisions
                0x401050b4                sdk_wDev_ClearTxqCollisions
                0x401050cc                sdk_wDev_SetWaitingQueue
                0x40105118                sdk_wDev_ClearWaitingQueue
                0x40105138                sdk_wDev_SetFrameAckType
                0x4010519c                sdk_wDev_AppendRxBlocks
                0x40105344                sdk_wDev_AppendRxAmpduLensBlocks
                0x4010547c                sdk_wDev_GetBAInfo
 *fill*         0x4010589f        0x1 
 .text          0x401058a0       0x25 ./build/sdklib\libnet80211.a(ieee80211_hostap.o)
 *fill*         0x401058c5        0x0 
 *fill*         0x401058c5        0x0 
 *fill*         0x401058c5        0x3 
 .text          0x401058c8        0x2 ./build/sdklib\libphy.a(phy_chip_v6.o)
                0x401058c8                sdk_ram_tx_mac_disable
 *fill*         0x401058ca        0x0 
 *fill*         0x401058ca        0x0 
 *fill*         0x401058ca        0x0 
 *fill*         0x401058ca        0x0 
 *fill*         0x401058ca        0x2 
 .text          0x401058cc       0x11 ./build/sdklib\libwpa.a(wpa_auth.o)
 *libgcc.a:*i3.o(.literal .text .literal.* .text.*)
 *fill*         0x401058dd        0x3 
 .text          0x401058e0       0x49 ./build/libgcc.a(_modsi3.o)
                0x401058e0                __modsi3
 *fill*         0x40105929        0x3 
 .text          0x4010592c       0x4c ./build/libgcc.a(_udivsi3.o)
                0x4010592c                __udivsi3
 .text          0x40105978       0x18 ./build/libgcc.a(_ashrdi3.o)
                0x40105978                __ashrdi3
 *libc.a:*malloc.o(.literal .text .literal.* .text.*)
 .literal       0x40105990        0x4 ./build/libc.a(lib_a-malloc.o)
                                 0x10 (size before relaxing)
 .literal       0x40105994        0x8 ./build/libc.a(lib_a-nano-mallocr.o)
                                 0x20 (size before relaxing)
 .literal       0x4010599c        0x0 ./build/libc.a(lib_a-nano-freer.o)
                                  0xc (size before relaxing)
 .literal       0x4010599c       0x28 ./build/libc.a(lib_a-rand.o)
                                 0x58 (size before relaxing)
 .literal       0x401059c4        0xc ./build/libc.a(lib_a-mlock.o)
                                 0x10 (size before relaxing)
 .literal       0x401059d0        0x0 ./build/libc.a(lib_a-printf.o)
                                  0xc (size before relaxing)
 .literal       0x401059d0        0x0 ./build/libc.a(lib_a-sprintf.o)
                                 0x14 (size before relaxing)
 .literal       0x401059d0        0x0 ./build/libc.a(lib_a-fprintf.o)
                                  0xc (size before relaxing)
 .literal       0x401059d0       0x24 ./build/libc.a(lib_a-nano-svfprintf.o)
                                 0x54 (size before relaxing)
 .literal       0x401059f4       0x1c ./build/libc.a(lib_a-nano-vfprintf.o)
                                 0x54 (size before relaxing)
 .literal       0x40105a10       0x48 ./build/libc.a(lib_a-findfp.o)
                                 0xa4 (size before relaxing)
 .literal       0x40105a58        0x8 ./build/libc.a(lib_a-fputwc.o)
                                 0x20 (size before relaxing)
 .text          0x40105a60       0x35 ./build/libc.a(lib_a-malloc.o)
                0x40105a60                malloc
                0x40105a7c                free
 *libc.a:*mallocr.o(.literal .text .literal.* .text.*)
 *fill*         0x40105a95        0x3 
 .text          0x40105a98       0xed ./build/libc.a(lib_a-nano-mallocr.o)
                                 0xf1 (size before relaxing)
                0x40105a98                _malloc_r
 *fill*         0x40105b85        0x0 
 *libc.a:*freer.o(.literal .text .literal.* .text.*)
 *fill*         0x40105b85        0x3 
 .text          0x40105b88       0xb1 ./build/libc.a(lib_a-nano-freer.o)
                0x40105b88                _free_r
 *fill*         0x40105c39        0x0 
 *libc.a:*memcpy.o(.literal .text .literal.* .text.*)
 *libc.a:*memset.o(.literal .text .literal.* .text.*)
 *libc.a:*memcmp.o(.literal .text .literal.* .text.*)
 *libc.a:*memmove.o(.literal .text .literal.* .text.*)
 *libc.a:*rand.o(.literal .text .literal.* .text.*)
 *fill*         0x40105c39        0x3 
 .text          0x40105c3c       0xdd ./build/libc.a(lib_a-rand.o)
                                 0xe1 (size before relaxing)
                0x40105c3c                srand
                0x40105ca0                rand
 *fill*         0x40105d19        0x0 
 *libc.a:*bzero.o(.literal .text .literal.* .text.*)
 *libc.a:*lock.o(.literal .text .literal.* .text.*)
 *fill*         0x40105d19        0x3 
 .text          0x40105d1c       0x2d ./build/libc.a(lib_a-mlock.o)
                0x40105d1c                __malloc_lock
                0x40105d34                __malloc_unlock
 *fill*         0x40105d49        0x0 
 *libc.a:*-printf.o(.literal .text .literal.* .text.*)
 *fill*         0x40105d49        0x3 
 .text          0x40105d4c       0x61 ./build/libc.a(lib_a-printf.o)
                                 0x65 (size before relaxing)
                0x40105d4c                _printf_r
                0x40105d4c                _iprintf_r
                0x40105d78                iprintf
                0x40105d78                printf
 *fill*         0x40105dad        0x0 
 *libc.a:*-sprintf.o(.literal .text .literal.* .text.*)
 *fill*         0x40105dad        0x3 
 .text          0x40105db0       0xb5 ./build/libc.a(lib_a-sprintf.o)
                                 0xb9 (size before relaxing)
                0x40105db0                _sprintf_r
                0x40105db0                _siprintf_r
                0x40105e08                siprintf
                0x40105e08                sprintf
 *fill*         0x40105e65        0x0 
 *libc.a:*-fprintf.o(.literal .text .literal.* .text.*)
 *fill*         0x40105e65        0x3 
 .text          0x40105e68       0x57 ./build/libc.a(lib_a-fprintf.o)
                                 0x5b (size before relaxing)
                0x40105e68                _fprintf_r
                0x40105e68                _fiprintf_r
                0x40105e8c                fiprintf
                0x40105e8c                fprintf
 *fill*         0x40105ebf        0x0 
 *libc.a:*-svfprintf.o(.literal .text .literal.* .text.*)
 *fill*         0x40105ebf        0x1 
 .text          0x40105ec0      0x4c5 ./build/libc.a(lib_a-nano-svfprintf.o)
                0x40105ec0                __ssputs_r
                0x40105fbc                __ssprint_r
                0x401060f0                _svfiprintf_r
                0x401060f0                _svfprintf_r
 *fill*         0x40106385        0x0 
 *libc.a:*-vfprintf.o(.literal .text .literal.* .text.*)
 *fill*         0x40106385        0x3 
 .text          0x40106388      0x43b ./build/libc.a(lib_a-nano-vfprintf.o)
                                0x43f (size before relaxing)
                0x401063c0                __sfputs_r
                0x40106430                __sprint_r
                0x401064c0                _vfiprintf_r
                0x401064c0                _vfprintf_r
                0x4010679c                vfprintf
                0x4010679c                vfiprintf
 *fill*         0x401067c3        0x0 
 *libc.a:*findfp.o(.literal .text .literal.* .text.*)
 *fill*         0x401067c3        0x1 
 .text          0x401067c4      0x317 ./build/libc.a(lib_a-findfp.o)
                0x4010681c                _cleanup_r
                0x401068b4                __sfmoreglue
                0x401068fc                _cleanup
                0x40106910                __sfp_lock_acquire
                0x40106928                __sfp_lock_release
                0x40106940                __sinit_lock_acquire
                0x40106958                __sinit_lock_release
                0x40106970                __sinit
                0x401069ec                __sfp
                0x40106a9c                __fp_lock_all
                0x40106abc                __fp_unlock_all
 *fill*         0x40106adb        0x0 
 *libc.a:*fputwc.o(.literal .text .literal.* .text.*)
 *fill*         0x40106adb        0x1 
 .text          0x40106adc      0x152 ./build/libc.a(lib_a-fputwc.o)
                                0x156 (size before relaxing)
                0x40106adc                __fputwc
                0x40106b84                _fputwc_r
                0x40106bf8                fputwc
 *fill*         0x40106c2e        0x0 
 *(.stub .gnu.warning .gnu.linkonce.literal.* .gnu.linkonce.t.*.literal .gnu.linkonce.t.*)
 *(.fini.literal)
 *(.fini)
 *(.gnu.version)
                0x40106c2e                _text_end = ABSOLUTE (.)
                0x40106c2e                _etext = .

.data           0x3ffe8000      0x9b4
                0x3ffe8000                _data_start = ABSOLUTE (.)
 *(.data)
 .data          0x3ffe8000        0x8 ./build/core.a(spiflash-cache-enable.o)
                0x3ffe8000                rboot_megabyte
 .data          0x3ffe8008       0xf4 ./build/libc.a(lib_a-impure.o)
                0x3ffe8008                _impure_ptr
 .data          0x3ffe80fc      0x16c ./build/libc.a(lib_a-locale.o)
                0x3ffe80fc                __global_locale
 .data          0x3ffe8268        0x1 ./build/sdklib\libmain.a(user_interface.o)
 *fill*         0x3ffe8269        0x3 
 .data          0x3ffe826c      0x1a8 ./build/sdklib\libnet80211.a(ieee80211_phy.o)
 *fill*         0x3ffe8414        0x4 
 .data          0x3ffe8418        0x6 ./build/sdklib\libnet80211.a(ieee80211_proto.o)
                0x3ffe8418                sdk_ieee80211_addr_bcast
 *fill*         0x3ffe841e        0x2 
 .data          0x3ffe8420       0x1c ./build/sdklib\libnet80211.a(ieee80211_action.o)
 *fill*         0x3ffe843c        0x4 
 .data          0x3ffe8440       0x53 ./build/sdklib\libphy.a(phy_chip_v6.o)
                0x3ffe8442                sdk_tx_rf_ana_gain
                0x3ffe8464                sdk_tx_pwctrl_atten_init_en
                0x3ffe8470                sdk_rx_gain_swp
                0x3ffe8490                sdk_test_rffreq_txcap
 *fill*         0x3ffe8493        0xd 
 .data          0x3ffe84a0       0x90 ./build/sdklib\libphy.a(phy_chip_v6_cal.o)
                0x3ffe84a0                sdk_dpd_index
                0x3ffe8500                sdk_dpd_db2linear
 .data          0x3ffe8530        0x4 ./build/sdklib\libphy.a(phy_sleep.o)
                0x3ffe8530                sdk_chip_version
 .data          0x3ffe8534      0x11c ./build/sdklib\libphy.a(phy_chip_v5_romfunc.o)
                0x3ffe8534                sdk_g_phyFuns
                0x3ffe8538                sdk_g_phyFuns_instance
 .data          0x3ffe8650        0x7 ./build/sdklib\libphy.a(phy_chip_v5_cal_romfunc.o)
 *fill*         0x3ffe8657        0x1 
 .data          0x3ffe8658        0x1 ./build/sdklib\libpp.a(pm.o)
 *fill*         0x3ffe8659        0x3 
 .data          0x3ffe865c       0x10 ./build/sdklib\libpp.a(pp.o)
                0x3ffe865c                sdk_NoiseTimerInterval
                0x3ffe8664                sdk_sleep_start_wait_time
 *fill*         0x3ffe866c        0x4 
 .data          0x3ffe8670       0x40 ./build/sdklib\libpp.a(rate_control.o)
 .data          0x3ffe86b0      0x22c ./build/sdklib\libpp.a(trc.o)
 *fill*         0x3ffe88dc        0x4 
 .data          0x3ffe88e0       0x10 ./build/sdklib\libpp.a(wdev.o)
 .data          0x3ffe88f0       0x18 ./build/sdklib\libnet80211.a(ieee80211_crypto_ccmp.o)
                0x3ffe88f0                sdk_ccmp
 .data          0x3ffe8908       0x18 ./build/sdklib\libnet80211.a(ieee80211_crypto_tkip.o)
                0x3ffe8908                sdk_tkip
 .data          0x3ffe8920       0x18 ./build/sdklib\libnet80211.a(ieee80211_crypto_wep.o)
                0x3ffe8920                sdk_wep
 *(.data.*)
 .data.cpu_freq
                0x3ffe8938        0x4 ./build/open_esplibs_libmain.a(misc.o)
 .data.sdk_flashchip
                0x3ffe893c       0x18 ./build/open_esplibs_libmain.a(spi_flash.o)
                0x3ffe893c                sdk_flashchip
 .data.sdk_dhcpc_flag
                0x3ffe8954        0x4 ./build/open_esplibs_libmain.a(user_interface.o)
                0x3ffe8954                sdk_dhcpc_flag
 .data.iss$5749
                0x3ffe8958        0x4 ./build/lwip.a(tcp.o)
 .data.tcp_port
                0x3ffe895c        0x2 ./build/lwip.a(tcp.o)
 .data.udp_port
                0x3ffe895e        0x2 ./build/lwip.a(udp.o)
 .data.current_stdout_write_r
                0x3ffe8960        0x4 ./build/core.a(newlib_syscalls.o)
 .data.leds     0x3ffe8964       0x50 ./build/program.a(led_manager.o)
 *(.gnu.linkonce.d.*)
 *(.data1)
 *(.sdata)
 *(.sdata.*)
 *(.gnu.linkonce.s.*)
 *(.sdata2)
 *(.sdata2.*)
 *(.gnu.linkonce.s2.*)
 *(.jcr)
                0x3ffe89b4                _data_end = ABSOLUTE (.)

.rodata         0x3ffe89b8      0x8cc
                0x3ffe89b8                _rodata_start = ABSOLUTE (.)
 *core.a:*(.rodata.* .rodata)
 .rodata.dump_excinfo.str1.4
                0x3ffe89b8       0x59 ./build/core.a(debug_dumps.o)
 *fill*         0x3ffe8a11        0x3 
 .rodata.second_fatal_exception_handler_inner.str1.4
                0x3ffe8a14       0x4f ./build/core.a(debug_dumps.o)
 *fill*         0x3ffe8a63        0x1 
 .rodata.dump_stack.str1.4
                0x3ffe8a64       0x29 ./build/core.a(debug_dumps.o)
 *fill*         0x3ffe8a8d        0x3 
 .rodata.dump_registers_in_exception_handler.str1.4
                0x3ffe8a90       0x3e ./build/core.a(debug_dumps.o)
 *fill*         0x3ffe8ace        0x2 
 .rodata.dump_heapinfo.str1.4
                0x3ffe8ad0       0x99 ./build/core.a(debug_dumps.o)
 *fill*         0x3ffe8b69        0x3 
 .rodata.abort_handler_inner.str1.4
                0x3ffe8b6c       0x18 ./build/core.a(debug_dumps.o)
 .rodata.dump_flash_sector.str1.4
                0x3ffe8b84        0xe ./build/core.a(app_main.o)
 *fill*         0x3ffe8b92        0x2 
 .rodata.dump_flash_config_sectors.str1.4
                0x3ffe8b94       0x4c ./build/core.a(app_main.o)
 .rodata.sdk_user_init_task.str1.4
                0x3ffe8be0       0x68 ./build/core.a(app_main.o)
 .rodata.str1.4
                0x3ffe8c48       0x7f ./build/core.a(app_main.o)
 *fill*         0x3ffe8cc7        0x1 
 .rodata.user_start_phase2.str1.4
                0x3ffe8cc8       0x5c ./build/core.a(app_main.o)
 .rodata.CSWTCH$7
                0x3ffe8d24       0x24 ./build/core.a(app_main.o)
 .rodata.CSWTCH$6
                0x3ffe8d48       0x40 ./build/core.a(app_main.o)
 .rodata        0x3ffe8d88       0x1c ./build/core.a(exception_vectors.o)
 *libc.a:*.o(.rodata.* .rodata)
 .rodata        0x3ffe8da4        0x4 ./build/libc.a(lib_a-impure.o)
                0x3ffe8da4                _global_impure_ptr
 .rodata.str1.1
                0x3ffe8da8        0xa ./build/libc.a(lib_a-locale.o)
                                  0xb (size before relaxing)
 .rodata.str1.1
                0x3ffe8db2       0x21 ./build/libc.a(lib_a-mstats.o)
 .rodata.str1.1
                0x3ffe8dd3       0x4b ./build/libc.a(lib_a-nano-mallstatsr.o)
 .rodata.str1.1
                0x3ffe8e1e       0x12 ./build/libc.a(lib_a-nano-vfprintf_float.o)
 .rodata.str1.1
                0x3ffe8e30       0x22 ./build/libc.a(lib_a-nano-vfprintf_i.o)
 .rodata.str1.1
                0x3ffe8e52        0x5 ./build/libc.a(lib_a-nano-vfscanf_float.o)
 .rodata.str1.1
                0x3ffe8e57        0x5 ./build/libc.a(lib_a-puts.o)
                                  0x2 (size before relaxing)
 .rodata.str1.1
                0x3ffe8e57        0x5 ./build/libc.a(lib_a-strtod.o)
                                  0xc (size before relaxing)
 *fill*         0x3ffe8e57        0x1 
 .rodata        0x3ffe8e58       0x70 ./build/libc.a(lib_a-strtod.o)
 .rodata        0x3ffe8ec8      0x101 ./build/libc.a(lib_a-ctype_.o)
                0x3ffe8ec8                _ctype_
 .rodata.str1.1
                0x3ffe8fc9        0xd ./build/libc.a(lib_a-dtoa.o)
                                  0xf (size before relaxing)
 *fill*         0x3ffe8fd6        0x2 
 .rodata        0x3ffe8fd8      0x128 ./build/libc.a(lib_a-mprec.o)
                0x3ffe8fe8                __mprec_tinytens
                0x3ffe9010                __mprec_bigtens
                0x3ffe9038                __mprec_tens
 .rodata.str1.1
                0x3ffe9100       0x11 ./build/libc.a(lib_a-nano-svfprintf.o)
 .rodata.str1.1
                0x3ffe9111       0x11 ./build/libc.a(lib_a-nano-vfprintf.o)
 *freertos.a:*(.rodata.* .rodata)
 *fill*         0x3ffe9111        0x3 
 .rodata.xTimerCreateTimerTask.str1.4
                0x3ffe9114       0x44 ./build/freertos.a(timers.o)
 .rodata.prvTimerTask
                0x3ffe9158       0x28 ./build/freertos.a(timers.o)
 .rodata.prvTaskIsTaskSuspended.str1.4
                0x3ffe9180       0x3b ./build/freertos.a(tasks.o)
 *fill*         0x3ffe91bb        0x1 
 .rodata.vTaskStartScheduler.str1.4
                0x3ffe91bc        0x5 ./build/freertos.a(tasks.o)
 *fill*         0x3ffe91c1        0x3 
 .rodata.xTaskGenericNotifyFromISR
                0x3ffe91c4       0x14 ./build/freertos.a(tasks.o)
 .rodata.xQueueGenericReset.str1.4
                0x3ffe91d8       0x3b ./build/freertos.a(queue.o)
 *fill*         0x3ffe9213        0x1 
 .rodata.vAssertCalled.str1.4
                0x3ffe9214       0x14 ./build/freertos.a(port.o)
 .rodata.xQueueGenericReceive.str1.4
                0x3ffe9228       0x4b ./build/freertos.a(port.o)
 *libmain.a:spi_flash.o(.rodata.* .rodata)
 *libpp.a:wdev.o(.rodata.* .rodata)
 *fill*         0x3ffe9273        0x1 
 .rodata.str1.4
                0x3ffe9274       0x10 ./build/sdklib\libpp.a(wdev.o)
                                  0xf (size before relaxing)
                0x3ffe9284                _rodata_end = ABSOLUTE (.)

.bss            0x3ffe9288     0x84f8
                0x3ffe9288                . = ALIGN (0x8)
                0x3ffe9288                _bss_start = ABSOLUTE (.)
 *(.dynsbss)
 *(.sbss)
 *(.sbss.*)
 *(.gnu.linkonce.sb.*)
 *(.scommon)
 *(.sbss2)
 *(.sbss2.*)
 *(.gnu.linkonce.sb2.*)
 *(.dynbss)
 *(.bss)
 *fill*         0x3ffe9288        0x8 
 .bss           0x3ffe9290      0x228 ./build/core.a(exception_vectors.o)
                0x3ffe94a4                debug_saved_ctx
 .bss           0x3ffe94b8        0xc ./build/libc.a(lib_a-arc4random.o)
                0x3ffe94b8                __arc4random_mutex
 .bss           0x3ffe94c4        0x4 ./build/libc.a(lib_a-__call_atexit.o)
                0x3ffe94c4                __atexit_recursive_mutex
 .bss           0x3ffe94c8        0x4 ./build/libc.a(lib_a-envlock.o)
                0x3ffe94c8                __env_recursive_mutex
 .bss           0x3ffe94cc        0x8 ./build/libc.a(lib_a-findfp.o)
                0x3ffe94cc                __sinit_recursive_mutex
                0x3ffe94d0                __sfp_recursive_mutex
 .bss           0x3ffe94d4        0x4 ./build/libc.a(lib_a-mlock.o)
                0x3ffe94d4                __malloc_recursive_mutex
 .bss           0x3ffe94d8       0x28 ./build/libc.a(lib_a-nano-mallinfor.o)
                0x3ffe94d8                __malloc_current_mallinfo
 .bss           0x3ffe9500        0x8 ./build/libc.a(lib_a-nano-mallocr.o)
                0x3ffe9500                __malloc_sbrk_start
                0x3ffe9504                __malloc_free_list
 .bss           0x3ffe9508        0x8 ./build/libc.a(lib_a-quick_exit.o)
                0x3ffe9508                __at_quick_exit_mutex
 .bss           0x3ffe9510        0x4 ./build/libc.a(lib_a-tzlock.o)
                0x3ffe9510                __tz_mutex
 *fill*         0x3ffe9514        0xc 
 .bss           0x3ffe9520      0x131 ./build/sdklib\libmain.a(user_interface.o)
 *fill*         0x3ffe9651        0x3 
 .bss           0x3ffe9654      0x54c ./build/sdklib\libnet80211.a(ieee80211.o)
                0x3ffe9654                sdk_g_ic
                0x3ffe9b9c                sdk_xieee80211Queue
 .bss           0x3ffe9ba0       0x28 ./build/sdklib\libnet80211.a(ieee80211_hostap.o)
                0x3ffe9bc0                sdk_TmpSTAAPCloseAP
                0x3ffe9bc1                sdk_PendFreeBcnEb
 .bss           0x3ffe9bc8       0xe4 ./build/sdklib\libnet80211.a(ieee80211_scan.o)
                0x3ffe9bc8                sdk_gScanStruct
                0x3ffe9c8c                sdk_auth_type
                0x3ffe9c8e                sdk_scannum
 .bss           0x3ffe9cac       0x44 ./build/sdklib\libnet80211.a(wl_chm.o)
 .bss           0x3ffe9cf0      0x780 ./build/sdklib\libnet80211.a(wl_cnx.o)
                0x3ffea450                sdk_sta_con_timer
                0x3ffea46c                sdk_g_cnx_probe_rc_list_cb
 .bss           0x3ffea470        0x4 ./build/sdklib\libphy.a(phy.o)
 *fill*         0x3ffea474        0xc 
 .bss           0x3ffea480      0x38b ./build/sdklib\libphy.a(phy_chip_v6.o)
                0x3ffea480                sdk_rxiq_compute_num
                0x3ffea484                sdk_rxdc_init_flag
                0x3ffea488                sdk_check_result
                0x3ffea48c                sdk_chip6_sleep_params
                0x3ffea664                sdk_chip6_phy_init_ctrl
                0x3ffea6d2                sdk_phy_freq_offset
                0x3ffea6d4                sdk_do_pwctrl_flag
                0x3ffea6d5                sdk_pwctrl_debug
                0x3ffea6d6                sdk_txbk_dpdby_flag
                0x3ffea6d8                sdk_sw_scan_mode
                0x3ffea6ec                sdk_periodic_cal_dc_num
                0x3ffea6f0                sdk_periodic_cal_flag
                0x3ffea6f1                sdk_bbpll_cal_flag
                0x3ffea6f2                sdk_deep_sleep_en
                0x3ffea6f8                sdk_noise_array
                0x3ffea800                sdk_tx_pwctrl_atten_init
 *fill*         0x3ffea80b        0x1 
 .bss           0x3ffea80c        0x6 ./build/sdklib\libphy.a(phy_chip_v6_cal.o)
                0x3ffea80c                sdk_loop_pwctrl_pwdet_error_accum_high_power
                0x3ffea80e                sdk_tx_pwctrl_pk_num
                0x3ffea80f                sdk_loop_pwctrl_correct_atten_high_power
                0x3ffea810                sdk_tx_pwctrl_set_chan_flag
                0x3ffea811                sdk_rxiq_cover_fail_num
 *fill*         0x3ffea812        0x2 
 .bss           0x3ffea814        0x4 ./build/sdklib\libphy.a(phy_sleep.o)
                0x3ffea814                sdk_periodic_cal_sat
                0x3ffea815                sdk_software_slp_reject
                0x3ffea816                sdk_SDIO_slp_reject
                0x3ffea817                sdk_hardware_reject
 *fill*         0x3ffea818        0x8 
 .bss           0x3ffea820     0x11e8 ./build/sdklib\libpp.a(esf_buf.o)
 *fill*         0x3ffeba08        0x8 
 .bss           0x3ffeba10       0x30 ./build/sdklib\libpp.a(if_hwctrl.o)
                0x3ffeba10                sdk_interface_mask
                0x3ffeba20                sdk_if_ctrl
 .bss           0x3ffeba40      0x150 ./build/sdklib\libpp.a(lmac.o)
                0x3ffeba44                sdk_lmacConfMib
 .bss           0x3ffebb90      0x149 ./build/sdklib\libpp.a(pm.o)
 *fill*         0x3ffebcd9        0x7 
 .bss           0x3ffebce0      0x352 ./build/sdklib\libpp.a(pp.o)
                0x3ffebd08                sdk_pend_flag_noise_check
                0x3ffebd10                sdk_pend_flag_periodic_cal
                0x3ffebd34                sdk_dbg_stop_sw_wdt
                0x3ffebd35                sdk_dbg_stop_hw_wdt
 *fill*         0x3ffec032        0xe 
 .bss           0x3ffec040      0x100 ./build/sdklib\libpp.a(rate_control.o)
 .bss           0x3ffec140      0x268 ./build/sdklib\libpp.a(trc.o)
 *fill*         0x3ffec3a8        0x8 
 .bss           0x3ffec3b0     0x4721 ./build/sdklib\libpp.a(wdev.o)
                0x3ffec3b0                sdk_wDevCtrl
                0x3ffec554                sdk_NMIIrqIsOn
                0x3ffec558                sdk_WdevTimOffSet
 *fill*         0x3fff0ad1        0xf 
 .bss           0x3fff0ae0      0x27a ./build/sdklib\libwpa.a(wpa.o)
 *fill*         0x3fff0d5a        0x6 
 .bss           0x3fff0d60       0xb0 ./build/sdklib\libwpa.a(aes-internal-dec.o)
 .bss           0x3fff0e10        0x8 ./build/sdklib\libnet80211.a(ieee80211_crypto_tkip.o)
 *(.bss.*)
 .bss.armed_timer_count
                0x3fff0e18        0x1 ./build/open_esplibs_libmain.a(timers.o)
 *fill*         0x3fff0e19        0x3 
 .bss.timer_list
                0x3fff0e1c        0x4 ./build/open_esplibs_libmain.a(timers.o)
 .bss.task_handle
                0x3fff0e20        0x4 ./build/open_esplibs_libmain.a(ets_timer.o)
 .bss.timer_list
                0x3fff0e24        0x4 ./build/open_esplibs_libmain.a(ets_timer.o)
 .bss.hostap_timer_parg
                0x3fff0e28        0x4 ./build/open_esplibs_libnet80211.a(ieee80211_hostap.o)
 .bss.hostap_timer
                0x3fff0e2c       0x1c ./build/open_esplibs_libnet80211.a(ieee80211_hostap.o)
 .bss.hostap_flags
                0x3fff0e48        0x1 ./build/open_esplibs_libnet80211.a(ieee80211_hostap.o)
 *fill*         0x3fff0e49        0x3 
 .bss.xLastTime$3652
                0x3fff0e4c        0x4 ./build/freertos.a(timers.o)
 .bss.xTimerTaskHandle
                0x3fff0e50        0x4 ./build/freertos.a(timers.o)
 .bss.xTimerQueue
                0x3fff0e54        0x4 ./build/freertos.a(timers.o)
 .bss.pxOverflowTimerList
                0x3fff0e58        0x4 ./build/freertos.a(timers.o)
 .bss.pxCurrentTimerList
                0x3fff0e5c        0x4 ./build/freertos.a(timers.o)
 .bss.xActiveTimerList2
                0x3fff0e60       0x14 ./build/freertos.a(timers.o)
 .bss.xActiveTimerList1
                0x3fff0e74       0x14 ./build/freertos.a(timers.o)
 .bss.uxSchedulerSuspended
                0x3fff0e88        0x4 ./build/freertos.a(tasks.o)
 .bss.xIdleTaskHandle
                0x3fff0e8c        0x4 ./build/freertos.a(tasks.o)
 .bss.xNextTaskUnblockTime
                0x3fff0e90        0x4 ./build/freertos.a(tasks.o)
 .bss.uxTaskNumber
                0x3fff0e94        0x4 ./build/freertos.a(tasks.o)
 .bss.xNumOfOverflows
                0x3fff0e98        0x4 ./build/freertos.a(tasks.o)
 .bss.xYieldPending
                0x3fff0e9c        0x4 ./build/freertos.a(tasks.o)
 .bss.uxPendedTicks
                0x3fff0ea0        0x4 ./build/freertos.a(tasks.o)
 .bss.xSchedulerRunning
                0x3fff0ea4        0x4 ./build/freertos.a(tasks.o)
 .bss.uxTopReadyPriority
                0x3fff0ea8        0x4 ./build/freertos.a(tasks.o)
 .bss.xTickCount
                0x3fff0eac        0x4 ./build/freertos.a(tasks.o)
 .bss.uxCurrentNumberOfTasks
                0x3fff0eb0        0x4 ./build/freertos.a(tasks.o)
 .bss.xSuspendedTaskList
                0x3fff0eb4       0x14 ./build/freertos.a(tasks.o)
 .bss.uxDeletedTasksWaitingCleanUp
                0x3fff0ec8        0x4 ./build/freertos.a(tasks.o)
 .bss.xTasksWaitingTermination
                0x3fff0ecc       0x14 ./build/freertos.a(tasks.o)
 .bss.xPendingReadyList
                0x3fff0ee0       0x14 ./build/freertos.a(tasks.o)
 .bss.pxOverflowDelayedTaskList
                0x3fff0ef4        0x4 ./build/freertos.a(tasks.o)
 .bss.pxDelayedTaskList
                0x3fff0ef8        0x4 ./build/freertos.a(tasks.o)
 .bss.xDelayedTaskList2
                0x3fff0efc       0x14 ./build/freertos.a(tasks.o)
 .bss.xDelayedTaskList1
                0x3fff0f10       0x14 ./build/freertos.a(tasks.o)
 .bss.pxReadyTasksLists
                0x3fff0f24      0x12c ./build/freertos.a(tasks.o)
 .bss.pxCurrentTCB
                0x3fff1050        0x4 ./build/freertos.a(tasks.o)
                0x3fff1050                pxCurrentTCB
 .bss.uxCriticalNesting
                0x3fff1054        0x4 ./build/freertos.a(port.o)
 .bss.pending_maclayer_sv
                0x3fff1058        0x4 ./build/freertos.a(port.o)
 .bss.pending_soft_sv
                0x3fff105c        0x4 ./build/freertos.a(port.o)
 .bss.critical_nesting
                0x3fff1060        0x4 ./build/lwip.a(sys_arch.o)
 .bss.tcpip_mbox
                0x3fff1064        0x4 ./build/lwip.a(tcpip.o)
 .bss.tcpip_init_done_arg
                0x3fff1068        0x4 ./build/lwip.a(tcpip.o)
 .bss.tcpip_init_done
                0x3fff106c        0x4 ./build/lwip.a(tcpip.o)
 .bss.netif_num
                0x3fff1070        0x1 ./build/lwip.a(netif.o)
 *fill*         0x3fff1071        0x3 
 .bss.tcpip_tcp_timer_active
                0x3fff1074        0x4 ./build/lwip.a(timeouts.o)
 .bss.current_timeout_due_time
                0x3fff1078        0x4 ./build/lwip.a(timeouts.o)
 .bss.next_timeout
                0x3fff107c        0x4 ./build/lwip.a(timeouts.o)
 .bss.tcp_timer_ctr
                0x3fff1080        0x1 ./build/lwip.a(tcp.o)
 .bss.tcp_timer
                0x3fff1081        0x1 ./build/lwip.a(tcp.o)
 *fill*         0x3fff1082        0x2 
 .bss.ip4_default_multicast_netif
                0x3fff1084        0x4 ./build/lwip.a(ip4.o)
 .bss.ip_id     0x3fff1088        0x2 ./build/lwip.a(ip4.o)
 *fill*         0x3fff108a        0x2 
 .bss.allrouters
                0x3fff108c        0x4 ./build/lwip.a(igmp.o)
 .bss.allsystems
                0x3fff1090        0x4 ./build/lwip.a(igmp.o)
 .bss.str$3803  0x3fff1094       0x10 ./build/lwip.a(ip4_addr.o)
 .bss.etharp_cached_entry
                0x3fff10a4        0x1 ./build/lwip.a(etharp.o)
 *fill*         0x3fff10a5        0x3 
 .bss.arp_table
                0x3fff10a8       0xf0 ./build/lwip.a(etharp.o)
 .bss.xid$4687  0x3fff1198        0x4 ./build/lwip.a(dhcp.o)
 .bss.dhcp_pcb_refcount
                0x3fff119c        0x1 ./build/lwip.a(dhcp.o)
 *fill*         0x3fff119d        0x3 
 .bss.dhcp_pcb  0x3fff11a0        0x4 ./build/lwip.a(dhcp.o)
 .bss.ip_reass_pbufcount
                0x3fff11a4        0x2 ./build/lwip.a(ip4_frag.o)
 *fill*         0x3fff11a6        0x2 
 .bss.reassdatagrams
                0x3fff11a8        0x4 ./build/lwip.a(ip4_frag.o)
 .bss.recv_data
                0x3fff11ac        0x4 ./build/lwip.a(tcp_in.o)
 .bss.recv_flags
                0x3fff11b0        0x1 ./build/lwip.a(tcp_in.o)
 .bss.flags     0x3fff11b1        0x1 ./build/lwip.a(tcp_in.o)
 .bss.tcplen    0x3fff11b2        0x2 ./build/lwip.a(tcp_in.o)
 .bss.recv_acked
                0x3fff11b4        0x2 ./build/lwip.a(tcp_in.o)
 *fill*         0x3fff11b6        0x2 
 .bss.ackno     0x3fff11b8        0x4 ./build/lwip.a(tcp_in.o)
 .bss.seqno     0x3fff11bc        0x4 ./build/lwip.a(tcp_in.o)
 .bss.tcp_optidx
                0x3fff11c0        0x2 ./build/lwip.a(tcp_in.o)
 *fill*         0x3fff11c2        0x2 
 .bss.tcphdr_opt2
                0x3fff11c4        0x4 ./build/lwip.a(tcp_in.o)
 .bss.tcphdr_opt1len
                0x3fff11c8        0x2 ./build/lwip.a(tcp_in.o)
 .bss.tcphdr_optlen
                0x3fff11ca        0x2 ./build/lwip.a(tcp_in.o)
 .bss.tcphdr    0x3fff11cc        0x4 ./build/lwip.a(tcp_in.o)
 .bss.inseg     0x3fff11d0       0x10 ./build/lwip.a(tcp_in.o)
 .bss.dns_servers
                0x3fff11e0        0x8 ./build/lwip.a(dns.o)
 .bss.dns_requests
                0x3fff11e8        0xc ./build/lwip.a(dns.o)
 .bss.dns_table
                0x3fff11f4       0x94 ./build/lwip.a(dns.o)
 .bss.dns_seqno
                0x3fff1288        0x1 ./build/lwip.a(dns.o)
 .bss.dns_last_pcb_idx
                0x3fff1289        0x1 ./build/lwip.a(dns.o)
 *fill*         0x3fff128a        0x2 
 .bss.dns_pcbs  0x3fff128c        0x4 ./build/lwip.a(dns.o)
 .bss.user_exception_handler
                0x3fff1290        0x4 ./build/core.a(debug_dumps.o)
 .bss.heap_end$5401
                0x3fff1294        0x4 ./build/core.a(newlib_syscalls.o)
 .bss.locks_initialized
                0x3fff1298        0x4 ./build/core.a(newlib_syscalls.o)
 .bss._sysparam_info
                0x3fff129c       0x18 ./build/core.a(sysparam.o)
 .bss.recv_buf$6322
                0x3fff12b4       0x80 ./build/program.a(fire.o)
 .bss.fire_queue
                0x3fff1334        0x4 ./build/program.a(fire.o)
 .bss.led_command_queue
                0x3fff1338        0x4 ./build/program.a(led_manager.o)
 .bss.select_cb_list
                0x3fff133c        0x4 ./build/lwip.a(sockets.o)
 .bss.sockets   0x3fff1340       0xc0 ./build/lwip.a(sockets.o)
 .bss.gpio_interrupt_handlers
                0x3fff1400       0x40 ./build/core.a(esp_gpio.o)
 *(.gnu.linkonce.b.*)
 *(COMMON)
 COMMON         0x3fff1440        0x4 ./build/open_esplibs_libmain.a(misc.o)
                0x3fff1440                sdk__putc1
 COMMON         0x3fff1444       0x28 ./build/open_esplibs_libmain.a(user_interface.o)
                0x3fff1444                sdk_cpu_overclock
                0x3fff1448                sdk_rst_if
                0x3fff1468                sdk_promiscuous_cb
 COMMON         0x3fff146c        0xc ./build/freertos.a(port.o)
                0x3fff146c                level1_int_disabled
                0x3fff1470                cpu_sr
                0x3fff1474                xPortSupervisorStackPointer
 COMMON         0x3fff1478        0x4 ./build/lwip.a(esp_interface.o)
                0x3fff1478                pp_rx_pool_usage
 COMMON         0x3fff147c        0xc ./build/lwip.a(sys_arch.o)
                0x3fff147c                lwip_tcpip_thread
                0x3fff1480                lwip_core_lock_count
                0x3fff1484                lwip_core_lock_holder_thread
 COMMON         0x3fff1488        0x4 ./build/lwip.a(tcpip.o)
                0x3fff1488                lock_tcpip_core
 COMMON         0x3fff148c        0x8 ./build/lwip.a(netif.o)
                0x3fff148c                netif_list
                0x3fff1490                netif_default
 COMMON         0x3fff1494        0x1 ./build/lwip.a(pbuf.o)
                0x3fff1494                pbuf_free_ooseq_pending
 *fill*         0x3fff1495        0x3 
 COMMON         0x3fff1498       0x18 ./build/lwip.a(tcp.o)
                0x3fff1498                tcp_active_pcbs_changed
                0x3fff149c                tcp_active_pcbs
                0x3fff14a0                tcp_ticks
                0x3fff14a4                tcp_listen_pcbs
                0x3fff14a8                tcp_bound_pcbs
                0x3fff14ac                tcp_tw_pcbs
 COMMON         0x3fff14b0       0x34 ./build/lwip.a(dhcp.o)
                0x3fff14b0                dhcp_rx_options_given
                0x3fff14bc                dhcp_rx_options_val
 COMMON         0x3fff14e4        0x4 ./build/lwip.a(udp.o)
                0x3fff14e4                udp_pcbs
 COMMON         0x3fff14e8        0x4 ./build/lwip.a(tcp_in.o)
                0x3fff14e8                tcp_input_pcb
 COMMON         0x3fff14ec       0x18 ./build/lwip.a(ip.o)
                0x3fff14ec                ip_data
 COMMON         0x3fff1504       0x2d ./build/core.a(app_main.o)
                0x3fff1504                sdk_info
                0x3fff1528                sdk_xWatchDogTaskHandle
                0x3fff152c                sdk_xUserTaskHandle
                0x3fff1530                sdk_user_init_flag
 *fill*         0x3fff1531        0x3 
 COMMON         0x3fff1534       0x81 ./build/core.a(esp_interrupts.o)
                0x3fff1534                isr
                0x3fff15b4                esp_in_isr
 *fill*         0x3fff15b5        0x3 
 COMMON         0x3fff15b8      0x138 ./build/libc.a(lib_a-findfp.o)
                0x3fff15b8                __sf
 COMMON         0x3fff16f0       0x90 ./build/lwip.a(sockets.o)
                0x3fff16f0                socket_ipv4_multicast_memberships
                0x3fff1780                . = ALIGN (0x8)
                0x3fff1780                _bss_end = ABSOLUTE (.)
                0x3fff1780                _heap_start = ABSOLUTE (.)

.irom0.text     0x40202010    0x38fdc
                0x40202010                _irom0_text_start = ABSOLUTE (.)
 *(.literal .text .literal.* .text.* .rodata .rodata.*)
 .text.timer_tramp
                0x40202010       0x17 ./build/open_esplibs_libmain.a(timers.o)
                                 0x1f (size before relaxing)
 *fill*         0x40202027        0x1 
 .text.sdk_os_timer_setfn
                0x40202028       0xac ./build/open_esplibs_libmain.a(timers.o)
                                 0xbc (size before relaxing)
                0x40202038                sdk_os_timer_setfn
 .text.sdk_os_timer_arm
                0x402020d4       0xac ./build/open_esplibs_libmain.a(timers.o)
                                 0xd4 (size before relaxing)
                0x402020e0                sdk_os_timer_arm
 .text.sdk_os_timer_disarm
                0x40202180       0x27 ./build/open_esplibs_libmain.a(timers.o)
                                 0x37 (size before relaxing)
                0x40202184                sdk_os_timer_disarm
 *fill*         0x402021a7        0x1 
 .text.sdk_os_update_cpu_frequency
                0x402021a8        0xb ./build/open_esplibs_libmain.a(misc.o)
                0x402021ac                sdk_ets_update_cpu_frequency
                0x402021ac                sdk_os_update_cpu_frequency
 *fill*         0x402021b3        0x1 
 .text.sdk_os_delay_us
                0x402021b4       0x19 ./build/open_esplibs_libmain.a(misc.o)
                                 0x1d (size before relaxing)
                0x402021b4                sdk_ets_delay_us
                0x402021b4                sdk_os_delay_us
 *fill*         0x402021cd        0x3 
 .text.sdk_os_install_putc1
                0x402021d0        0xb ./build/open_esplibs_libmain.a(misc.o)
                0x402021d4                sdk_os_install_putc1
 *fill*         0x402021db        0x1 
 .text.sdk_gpio_output_set
                0x402021dc       0x1d ./build/open_esplibs_libmain.a(misc.o)
                0x402021e0                sdk_gpio_output_set
 *fill*         0x402021f9        0x3 
 .text.sdk_rtc_get_reset_reason
                0x402021fc       0x4a ./build/open_esplibs_libmain.a(misc.o)
                0x40202204                sdk_rtc_get_reset_reason
 *fill*         0x40202246        0x2 
 .text.add_pending_timer
                0x40202248       0x9b ./build/open_esplibs_libmain.a(ets_timer.o)
 *fill*         0x402022e3        0x1 
 .text.timer_task
                0x402022e4       0xcd ./build/open_esplibs_libmain.a(ets_timer.o)
                                 0xe5 (size before relaxing)
 *fill*         0x402023b1        0x3 
 .text.sdk_ets_timer_arm_ms_us
                0x402023b4       0x6e ./build/open_esplibs_libmain.a(ets_timer.o)
                                 0x82 (size before relaxing)
                0x402023bc                sdk_ets_timer_arm_ms_us
 *fill*         0x40202422        0x2 
 .text.sdk_ets_timer_arm
                0x40202424       0x17 ./build/open_esplibs_libmain.a(ets_timer.o)
                                 0x1b (size before relaxing)
                0x40202424                sdk_ets_timer_arm
 *fill*         0x4020243b        0x1 
 .text.sdk_ets_timer_disarm
                0x4020243c       0x51 ./build/open_esplibs_libmain.a(ets_timer.o)
                                 0x5d (size before relaxing)
                0x4020243c                sdk_ets_timer_disarm
 *fill*         0x4020248d        0x3 
 .text.sdk_ets_timer_init
                0x40202490       0xa8 ./build/open_esplibs_libmain.a(ets_timer.o)
                                 0xb8 (size before relaxing)
                0x402024ac                sdk_ets_timer_init
 .text.wifi_save_protect
                0x40202538       0x9b ./build/open_esplibs_libmain.a(user_interface.o)
                                 0x9f (size before relaxing)
 *fill*         0x402025d3        0x1 
 .text.sdk_system_pp_recycle_rx_pkt
                0x402025d4        0xf ./build/open_esplibs_libmain.a(user_interface.o)
                                 0x17 (size before relaxing)
                0x402025d4                sdk_system_pp_recycle_rx_pkt
 *fill*         0x402025e3        0x1 
 .text.sdk_system_restart
                0x402025e4       0x53 ./build/open_esplibs_libmain.a(user_interface.o)
                                 0x7b (size before relaxing)
                0x402025f0                sdk_system_restart
 *fill*         0x40202637        0x1 
 .text.sdk_system_get_boot_version
                0x40202638       0x12 ./build/open_esplibs_libmain.a(user_interface.o)
                0x4020263c                sdk_system_get_boot_version
 *fill*         0x4020264a        0x2 
 .text.sdk_system_get_test_result
                0x4020264c       0x36 ./build/open_esplibs_libmain.a(user_interface.o)
                                 0x3e (size before relaxing)
                0x40202650                sdk_system_get_test_result
 *fill*         0x40202682        0x2 
 .text.sdk_system_upgrade_userbin_check
                0x40202684       0x4a ./build/open_esplibs_libmain.a(user_interface.o)
                                 0x4e (size before relaxing)
                0x40202684                sdk_system_upgrade_userbin_check
 *fill*         0x402026ce        0x2 
 .text.sdk_system_get_userbin_addr
                0x402026d0       0x8e ./build/open_esplibs_libmain.a(user_interface.o)
                                 0x9a (size before relaxing)
                0x402026dc                sdk_system_get_userbin_addr
 *fill*         0x4020275e        0x2 
 .text.sdk_system_update_cpu_freq
                0x40202760       0x5d ./build/open_esplibs_libmain.a(user_interface.o)
                                 0x69 (size before relaxing)
                0x40202760                sdk_system_update_cpu_freq
 *fill*         0x402027bd        0x3 
 .text.sdk_system_get_cpu_freq
                0x402027c0       0x1a ./build/open_esplibs_libmain.a(user_interface.o)
                0x402027c4                sdk_system_get_cpu_freq
 *fill*         0x402027da        0x2 
 .text.sdk_system_overclock
                0x402027dc       0x31 ./build/open_esplibs_libmain.a(user_interface.o)
                                 0x3d (size before relaxing)
                0x402027e0                sdk_system_overclock
 *fill*         0x4020280d        0x3 
 .text.sdk_system_restoreclock
                0x40202810       0x38 ./build/open_esplibs_libmain.a(user_interface.o)
                                 0x44 (size before relaxing)
                0x40202810                sdk_system_restoreclock
 .text.sdk_system_station_got_ip_set
                0x40202848       0x95 ./build/open_esplibs_libmain.a(user_interface.o)
                                 0xb1 (size before relaxing)
                0x40202850                sdk_system_station_got_ip_set
 *fill*         0x402028dd        0x3 
 .text.sdk_wifi_param_save_protect
                0x402028e0       0xa8 ./build/open_esplibs_libmain.a(user_interface.o)
                                 0xc4 (size before relaxing)
                0x402028e8                sdk_wifi_param_save_protect
 .text.sdk_wifi_get_macaddr
                0x40202988       0x83 ./build/open_esplibs_libmain.a(user_interface.o)
                                 0x8f (size before relaxing)
                0x40202990                sdk_wifi_get_macaddr
 *fill*         0x40202a0b        0x1 
 .text.sdk_sta_status_set
                0x40202a0c       0x3f ./build/open_esplibs_libnet80211.a(ieee80211_sta.o)
                                 0x43 (size before relaxing)
                0x40202a0c                sdk_sta_status_set
 *fill*         0x40202a4b        0x1 
 .text.sdk_wifi_station_start
                0x40202a4c       0xad ./build/open_esplibs_libnet80211.a(ieee80211_sta.o)
                                 0xdd (size before relaxing)
                0x40202a64                sdk_wifi_station_start
 *fill*         0x40202af9        0x3 
 .text.sdk_wifi_station_stop
                0x40202afc       0x47 ./build/open_esplibs_libnet80211.a(ieee80211_sta.o)
                                 0x57 (size before relaxing)
                0x40202afc                sdk_wifi_station_stop
 *fill*         0x40202b43        0x1 
 .text.dhcp_if_down
                0x40202b44       0x23 ./build/open_esplibs_libnet80211.a(wl_cnx.o)
                                 0x3f (size before relaxing)
                0x40202b44                dhcp_if_down
 *fill*         0x40202b67        0x1 
 .text.sdk_cnx_rc_search
                0x40202b68       0x55 ./build/open_esplibs_libnet80211.a(wl_cnx.o)
                                 0x5d (size before relaxing)
                0x40202b68                sdk_cnx_rc_search
 *fill*         0x40202bbd        0x3 
 .text.sdk_cnx_add_rc
                0x40202bc0       0x99 ./build/open_esplibs_libnet80211.a(wl_cnx.o)
                                 0x9d (size before relaxing)
                0x40202bc0                sdk_cnx_add_rc
 *fill*         0x40202c59        0x3 
 .text.sdk_cnx_remove_rc
                0x40202c5c       0x9c ./build/open_esplibs_libnet80211.a(wl_cnx.o)
                                 0xa0 (size before relaxing)
                0x40202c60                sdk_cnx_remove_rc
 .text.sdk_cnx_node_remove
                0x40202cf8       0x80 ./build/open_esplibs_libnet80211.a(wl_cnx.o)
                                 0x9c (size before relaxing)
                0x40202cf8                sdk_cnx_node_remove
 .text.sdk_cnx_node_search
                0x40202d78       0x5f ./build/open_esplibs_libnet80211.a(wl_cnx.o)
                                 0x67 (size before relaxing)
                0x40202d78                sdk_cnx_node_search
 *fill*         0x40202dd7        0x1 
 .text.sdk_ieee80211_hostap_attach
                0x40202dd8      0x18d ./build/open_esplibs_libnet80211.a(ieee80211_hostap.o)
                                0x1f1 (size before relaxing)
                0x40202df8                sdk_ieee80211_hostap_attach
 *fill*         0x40202f65        0x3 
 .text.sdk_wifi_softap_start
                0x40202f68      0x154 ./build/open_esplibs_libnet80211.a(ieee80211_hostap.o)
                                0x1bc (size before relaxing)
                0x40202f80                sdk_wifi_softap_start
 .text.sdk_wifi_softap_stop
                0x402030bc      0x147 ./build/open_esplibs_libnet80211.a(ieee80211_hostap.o)
                                0x1c3 (size before relaxing)
                0x402030c0                sdk_wifi_softap_stop
 *fill*         0x40203203        0x1 
 .text._ppz20   0x40203204        0x9 ./build/open_esplibs_libpp.a(pp.o)
                0x40203208                _ppz20
 *fill*         0x4020320d        0x3 
 .text.sdk_wpa_config_assoc_ie
                0x40203210       0x17 ./build/open_esplibs_libwpa.a(wpa_main.o)
                                 0x1b (size before relaxing)
                0x40203210                sdk_wpa_config_assoc_ie
 *fill*         0x40203227        0x1 
 .text.sdk_dhcp_bind_check
                0x40203228       0x22 ./build/open_esplibs_libwpa.a(wpa_main.o)
                                 0x26 (size before relaxing)
                0x40203228                sdk_dhcp_bind_check
 *fill*         0x4020324a        0x2 
 .text.wpa_callback2
                0x4020324c       0x33 ./build/open_esplibs_libwpa.a(wpa_main.o)
                                 0x47 (size before relaxing)
 *fill*         0x4020327f        0x1 
 .text.wpa_callback1
                0x40203280       0x1b ./build/open_esplibs_libwpa.a(wpa_main.o)
                                 0x23 (size before relaxing)
 *fill*         0x4020329b        0x1 
 .text.sdk_wpa_config_profile
                0x4020329c       0x49 ./build/open_esplibs_libwpa.a(wpa_main.o)
                                 0x58 (size before relaxing)
                0x4020329c                sdk_wpa_config_profile
 *fill*         0x402032e5        0x3 
 .text.sdk_wpa_config_bss
                0x402032e8       0x30 ./build/open_esplibs_libwpa.a(wpa_main.o)
                                 0x34 (size before relaxing)
                0x402032e8                sdk_wpa_config_bss
 .text.sdk_eagle_auth_done
                0x40203318      0x107 ./build/open_esplibs_libwpa.a(wpa_main.o)
                                0x18f (size before relaxing)
                0x4020333c                sdk_eagle_auth_done
 *fill*         0x4020341f        0x1 
 .text.sdk_wpa_neg_complete
                0x40203420        0xf ./build/open_esplibs_libwpa.a(wpa_main.o)
                                 0x17 (size before relaxing)
                0x40203420                sdk_wpa_neg_complete
 *fill*         0x4020342f        0x1 
 .text.sdk_wpa_attach
                0x40203430       0x4f ./build/open_esplibs_libwpa.a(wpa_main.o)
                                 0x5f (size before relaxing)
                0x40203448                sdk_wpa_attach
 *fill*         0x4020347f        0x1 
 .text.prvCheckForValidListAndQueue
                0x40203480       0x69 ./build/freertos.a(timers.o)
                                 0x89 (size before relaxing)
 *fill*         0x402034e9        0x3 
 .text.prvInsertTimerInActiveList
                0x402034ec       0x45 ./build/freertos.a(timers.o)
                                 0x59 (size before relaxing)
 *fill*         0x40203531        0x3 
 .text.xTimerCreateTimerTask
                0x40203534       0x4e ./build/freertos.a(timers.o)
                                 0x66 (size before relaxing)
                0x40203544                xTimerCreateTimerTask
 *fill*         0x40203582        0x2 
 .text.xTimerCreate
                0x40203584       0x69 ./build/freertos.a(timers.o)
                                 0x85 (size before relaxing)
                0x40203584                xTimerCreate
 *fill*         0x402035ed        0x3 
 .text.xTimerGenericCommand
                0x402035f0       0x91 ./build/freertos.a(timers.o)
                                 0xb5 (size before relaxing)
                0x402035f0                xTimerGenericCommand
 *fill*         0x40203681        0x3 
 .text.prvSwitchTimerLists
                0x40203684       0x84 ./build/freertos.a(timers.o)
                                 0xaa (size before relaxing)
 *fill*         0x40203708        0x0 
 .text.prvTimerTask
                0x40203708      0x1f9 ./build/freertos.a(timers.o)
                                0x29d (size before relaxing)
 *fill*         0x40203901        0x3 
 .text.pvTimerGetTimerID
                0x40203904       0x2d ./build/freertos.a(timers.o)
                                 0x41 (size before relaxing)
                0x40203904                pvTimerGetTimerID
 *fill*         0x40203931        0x3 
 .text.prvResetNextTaskUnblockTime$part$0
                0x40203934       0x20 ./build/freertos.a(tasks.o)
 .text.prvAddCurrentTaskToDelayedList
                0x40203954       0xa4 ./build/freertos.a(tasks.o)
                                 0xc4 (size before relaxing)
 .text.vTaskSwitchContext$part$4
                0x402039f8       0xed ./build/freertos.a(tasks.o)
                                 0xf8 (size before relaxing)
 *fill*         0x40203ae5        0x3 
 .text.prvIdleTask
                0x40203ae8       0x87 ./build/freertos.a(tasks.o)
                                 0xaf (size before relaxing)
 *fill*         0x40203b6f        0x1 
 .text.xTaskCreate
                0x40203b70      0x22b ./build/freertos.a(tasks.o)
                                0x2af (size before relaxing)
                0x40203b94                xTaskCreate
 *fill*         0x40203d9b        0x1 
 .text.vTaskDelete
                0x40203d9c       0xed ./build/freertos.a(tasks.o)
                                0x145 (size before relaxing)
                0x40203da0                vTaskDelete
 *fill*         0x40203e89        0x3 
 .text.vTaskStartScheduler
                0x40203e8c       0xa4 ./build/freertos.a(tasks.o)
                                 0xdb (size before relaxing)
                0x40203ea4                vTaskStartScheduler
 *fill*         0x40203f30        0x0 
 .text.vTaskSuspendAll
                0x40203f30       0x11 ./build/freertos.a(tasks.o)
                                 0x15 (size before relaxing)
                0x40203f30                vTaskSuspendAll
 *fill*         0x40203f41        0x3 
 .text.xTaskGetTickCount
                0x40203f44       0x27 ./build/freertos.a(tasks.o)
                                 0x33 (size before relaxing)
                0x40203f44                xTaskGetTickCount
 *fill*         0x40203f6b        0x1 
 .text.xTaskGetTickCountFromISR
                0x40203f6c       0x2c ./build/freertos.a(tasks.o)
                                 0x3c (size before relaxing)
                0x40203f70                xTaskGetTickCountFromISR
 .text.xTaskIncrementTick
                0x40203f98      0x1aa ./build/freertos.a(tasks.o)
                                0x1ee (size before relaxing)
                0x40203fa4                xTaskIncrementTick
 *fill*         0x40204142        0x2 
 .text.xTaskResumeAll
                0x40204144      0x12d ./build/freertos.a(tasks.o)
                                0x18d (size before relaxing)
                0x40204148                xTaskResumeAll
 *fill*         0x40204271        0x3 
 .text.vTaskDelay
                0x40204274       0x50 ./build/freertos.a(tasks.o)
                                 0x74 (size before relaxing)
                0x40204274                vTaskDelay
 .text.vTaskSwitchContext
                0x402042c4       0x26 ./build/freertos.a(tasks.o)
                                 0x35 (size before relaxing)
                0x402042c4                vTaskSwitchContext
 *fill*         0x402042ea        0x2 
 .text.vTaskPlaceOnEventList
                0x402042ec       0x41 ./build/freertos.a(tasks.o)
                                 0x5d (size before relaxing)
                0x402042f0                vTaskPlaceOnEventList
 *fill*         0x4020432d        0x3 
 .text.vTaskPlaceOnEventListRestricted
                0x40204330       0x4a ./build/freertos.a(tasks.o)
                                 0x66 (size before relaxing)
                0x40204334                vTaskPlaceOnEventListRestricted
 *fill*         0x4020437a        0x2 
 .text.xTaskRemoveFromEventList
                0x4020437c       0x8f ./build/freertos.a(tasks.o)
                                 0xcf (size before relaxing)
                0x40204380                xTaskRemoveFromEventList
 *fill*         0x4020440b        0x1 
 .text.vTaskInternalSetTimeOutState
                0x4020440c       0x16 ./build/freertos.a(tasks.o)
                                 0x1e (size before relaxing)
                0x4020440c                vTaskInternalSetTimeOutState
 *fill*         0x40204422        0x2 
 .text.xTaskCheckForTimeOut
                0x40204424       0x99 ./build/freertos.a(tasks.o)
                                 0xb5 (size before relaxing)
                0x4020442c                xTaskCheckForTimeOut
 *fill*         0x402044bd        0x3 
 .text.vTaskMissedYield
                0x402044c0        0xc ./build/freertos.a(tasks.o)
                                 0x10 (size before relaxing)
                0x402044c0                vTaskMissedYield
 .text.uxTaskGetStackHighWaterMark
                0x402044cc       0x2c ./build/freertos.a(tasks.o)
                                 0x30 (size before relaxing)
                0x402044cc                uxTaskGetStackHighWaterMark
 .text.xTaskGetCurrentTaskHandle
                0x402044f8        0xa ./build/freertos.a(tasks.o)
                                  0xe (size before relaxing)
                0x402044f8                xTaskGetCurrentTaskHandle
 *fill*         0x40204502        0x2 
 .text.xTaskGetSchedulerState
                0x40204504       0x1f ./build/freertos.a(tasks.o)
                                 0x27 (size before relaxing)
                0x40204504                xTaskGetSchedulerState
 *fill*         0x40204523        0x1 
 .text.xTaskPriorityInherit
                0x40204524       0xb7 ./build/freertos.a(tasks.o)
                                 0xcf (size before relaxing)
                0x40204524                xTaskPriorityInherit
 *fill*         0x402045db        0x1 
 .text.xTaskPriorityDisinherit
                0x402045dc       0x96 ./build/freertos.a(tasks.o)
                                 0xc2 (size before relaxing)
                0x402045e4                xTaskPriorityDisinherit
 *fill*         0x40204672        0x2 
 .text.vTaskPriorityDisinheritAfterTimeout
                0x40204674       0xab ./build/freertos.a(tasks.o)
                                 0xd7 (size before relaxing)
                0x4020467c                vTaskPriorityDisinheritAfterTimeout
 *fill*         0x4020471f        0x1 
 .text.pvTaskIncrementMutexHeldCount
                0x40204720       0x1f ./build/freertos.a(tasks.o)
                                 0x23 (size before relaxing)
                0x40204720                pvTaskIncrementMutexHeldCount
 *fill*         0x4020473f        0x1 
 .text.xTaskNotifyWait
                0x40204740       0xe3 ./build/freertos.a(tasks.o)
                                0x103 (size before relaxing)
                0x40204740                xTaskNotifyWait
 *fill*         0x40204823        0x1 
 .text.xTaskGenericNotifyFromISR
                0x40204824      0x157 ./build/freertos.a(tasks.o)
                                0x19f (size before relaxing)
                0x40204838                xTaskGenericNotifyFromISR
 *fill*         0x4020497b        0x1 
 .text.prvCopyDataToQueue
                0x4020497c       0x9b ./build/freertos.a(queue.o)
                                 0xa7 (size before relaxing)
 *fill*         0x40204a17        0x1 
 .text.prvCopyDataFromQueue
                0x40204a18       0x2b ./build/freertos.a(queue.o)
                                 0x2f (size before relaxing)
 *fill*         0x40204a43        0x1 
 .text.prvUnlockQueue
                0x40204a44       0xd6 ./build/freertos.a(queue.o)
                                 0xfe (size before relaxing)
 *fill*         0x40204b1a        0x2 
 .text.xQueueGenericReset
                0x40204b1c       0x8d ./build/freertos.a(queue.o)
                                 0xb5 (size before relaxing)
                0x40204b20                xQueueGenericReset
 *fill*         0x40204ba9        0x3 
 .text.xQueueGenericCreate
                0x40204bac       0x74 ./build/freertos.a(queue.o)
                                 0x88 (size before relaxing)
                0x40204bac                xQueueGenericCreate
 .text.xQueueGenericSend
                0x40204c20      0x17f ./build/freertos.a(queue.o)
                                0x21b (size before relaxing)
                0x40204c20                xQueueGenericSend
 *fill*         0x40204d9f        0x1 
 .text.xQueueCreateMutex
                0x40204da0       0x31 ./build/freertos.a(queue.o)
                                 0x3d (size before relaxing)
                0x40204da0                xQueueCreateMutex
 *fill*         0x40204dd1        0x3 
 .text.xQueueGiveMutexRecursive
                0x40204dd4       0x4b ./build/freertos.a(queue.o)
                                 0x5f (size before relaxing)
                0x40204dd4                xQueueGiveMutexRecursive
 *fill*         0x40204e1f        0x1 
 .text.xQueueGenericSendFromISR
                0x40204e20       0xec ./build/freertos.a(queue.o)
                                0x114 (size before relaxing)
                0x40204e20                xQueueGenericSendFromISR
 .text.xQueueReceive
                0x40204f0c      0x18e ./build/freertos.a(queue.o)
                                0x232 (size before relaxing)
                0x40204f0c                xQueueReceive
 *fill*         0x4020509a        0x2 
 .text.xQueueSemaphoreTake
                0x4020509c      0x1c7 ./build/freertos.a(queue.o)
                                0x27f (size before relaxing)
                0x4020509c                xQueueSemaphoreTake
 *fill*         0x40205263        0x1 
 .text.xQueueTakeMutexRecursive
                0x40205264       0x53 ./build/freertos.a(queue.o)
                                 0x63 (size before relaxing)
                0x40205264                xQueueTakeMutexRecursive
 *fill*         0x402052b7        0x1 
 .text.uxQueueMessagesWaiting
                0x402052b8       0x30 ./build/freertos.a(queue.o)
                                 0x44 (size before relaxing)
                0x402052b8                uxQueueMessagesWaiting
 .text.uxQueueMessagesWaitingFromISR
                0x402052e8       0x26 ./build/freertos.a(queue.o)
                                 0x2e (size before relaxing)
                0x402052e8                uxQueueMessagesWaitingFromISR
 *fill*         0x4020530e        0x2 
 .text.vQueueDelete
                0x40205310       0x29 ./build/freertos.a(queue.o)
                                 0x35 (size before relaxing)
                0x40205310                vQueueDelete
 *fill*         0x40205339        0x3 
 .text.vQueueWaitForMessageRestricted
                0x4020533c       0x77 ./build/freertos.a(queue.o)
                                 0x87 (size before relaxing)
                0x4020533c                vQueueWaitForMessageRestricted
 *fill*         0x402053b3        0x1 
 .text.vAssertCalled
                0x402053b4       0x22 ./build/freertos.a(port.o)
                                 0x26 (size before relaxing)
                0x402053bc                vAssertCalled
 *fill*         0x402053d6        0x2 
 .text.pxPortInitialiseStack
                0x402053d8       0x34 ./build/freertos.a(port.o)
                0x402053dc                pxPortInitialiseStack
 .text.xPortSysTickHandle
                0x4020540c       0x14 ./build/freertos.a(port.o)
                                 0x23 (size before relaxing)
                0x4020540c                xPortSysTickHandle
 *fill*         0x40205420        0x0 
 .text.xPortStartScheduler
                0x40205420       0x7e ./build/freertos.a(port.o)
                                 0x8e (size before relaxing)
                0x40205434                xPortStartScheduler
 *fill*         0x4020549e        0x2 
 .text.xPortGetFreeHeapSize
                0x402054a0       0x28 ./build/freertos.a(port.o)
                                 0x38 (size before relaxing)
                0x402054a0                xPortGetFreeHeapSize
 .text.xTaskGenericCreate
                0x402054c8       0x15 ./build/freertos.a(port.o)
                                 0x19 (size before relaxing)
                0x402054c8                xTaskGenericCreate
 *fill*         0x402054dd        0x3 
 .text.xQueueGenericReceive
                0x402054e0       0x1e ./build/freertos.a(port.o)
                                 0x2d (size before relaxing)
                0x402054e4                xQueueGenericReceive
 *fill*         0x402054fe        0x2 
 .text.low_level_output
                0x40205500       0x56 ./build/lwip.a(esp_interface.o)
                                 0x72 (size before relaxing)
 *fill*         0x40205556        0x2 
 .text.pp_recycle_rx_pbuf
                0x40205558       0x38 ./build/lwip.a(esp_interface.o)
                                 0x44 (size before relaxing)
                0x4020555c                pp_recycle_rx_pbuf
 .text.ooseq_bytes_limit
                0x40205590        0x9 ./build/lwip.a(esp_interface.o)
                0x40205594                ooseq_bytes_limit
 *fill*         0x40205599        0x3 
 .text.ooseq_pbufs_limit
                0x4020559c       0x41 ./build/lwip.a(esp_interface.o)
                                 0x49 (size before relaxing)
                0x4020559c                ooseq_pbufs_limit
 *fill*         0x402055dd        0x3 
 .text.ethernetif_input
                0x402055e0       0x9b ./build/lwip.a(esp_interface.o)
                                 0xb6 (size before relaxing)
                0x402055ec                ethernetif_input
 *fill*         0x4020567b        0x1 
 .text.sdk_pbuf_alloc
                0x4020567c       0x33 ./build/lwip.a(esp_interface.o)
                                 0x3b (size before relaxing)
                0x4020567c                sdk_pbuf_alloc
 *fill*         0x402056af        0x1 
 .text.ethernetif_init
                0x402056b0       0x2d ./build/lwip.a(esp_interface.o)
                0x402056c0                ethernetif_init
 *fill*         0x402056dd        0x3 
 .text.sys_sem_new
                0x402056e0       0x41 ./build/lwip.a(sys_arch.o)
                                 0x4d (size before relaxing)
                0x402056e0                sys_sem_new
 *fill*         0x40205721        0x3 
 .text.sys_sem_signal
                0x40205724       0x17 ./build/lwip.a(sys_arch.o)
                                 0x1f (size before relaxing)
                0x40205724                sys_sem_signal
 *fill*         0x4020573b        0x1 
 .text.sys_arch_sem_wait
                0x4020573c       0x5b ./build/lwip.a(sys_arch.o)
                                 0x67 (size before relaxing)
                0x4020573c                sys_arch_sem_wait
 *fill*         0x40205797        0x1 
 .text.sys_mutex_new
                0x40205798       0x29 ./build/lwip.a(sys_arch.o)
                                 0x2d (size before relaxing)
                0x40205798                sys_mutex_new
 *fill*         0x402057c1        0x3 
 .text.sys_mutex_free
                0x402057c4       0x1e ./build/lwip.a(sys_arch.o)
                                 0x22 (size before relaxing)
                0x402057c4                sys_mutex_free
 *fill*         0x402057e2        0x2 
 .text.sys_sem_free
                0x402057e4        0xf ./build/lwip.a(sys_arch.o)
                                 0x17 (size before relaxing)
                0x402057e4                sys_sem_free
 *fill*         0x402057f3        0x1 
 .text.sys_mbox_new
                0x402057f4       0x2c ./build/lwip.a(sys_arch.o)
                                 0x34 (size before relaxing)
                0x402057f4                sys_mbox_new
 .text.sys_mbox_free
                0x40205820       0x31 ./build/lwip.a(sys_arch.o)
                                 0x41 (size before relaxing)
                0x40205824                sys_mbox_free
 *fill*         0x40205851        0x3 
 .text.sys_mbox_trypost
                0x40205854       0x2b ./build/lwip.a(sys_arch.o)
                                 0x2f (size before relaxing)
                0x40205854                sys_mbox_trypost
 *fill*         0x4020587f        0x1 
 .text.sys_arch_mbox_fetch
                0x40205880       0x60 ./build/lwip.a(sys_arch.o)
                                 0x70 (size before relaxing)
                0x40205880                sys_arch_mbox_fetch
 .text.sys_arch_mbox_tryfetch
                0x402058e0       0x2c ./build/lwip.a(sys_arch.o)
                                 0x30 (size before relaxing)
                0x402058e0                sys_arch_mbox_tryfetch
 .text.sys_now  0x4020590c       0x17 ./build/lwip.a(sys_arch.o)
                                 0x1f (size before relaxing)
                0x4020590c                sys_now
 *fill*         0x40205923        0x1 
 .text.sys_thread_new
                0x40205924       0x2a ./build/lwip.a(sys_arch.o)
                                 0x2e (size before relaxing)
                0x40205924                sys_thread_new
 *fill*         0x4020594e        0x2 
 .text.sys_arch_protect
                0x40205950       0x20 ./build/lwip.a(sys_arch.o)
                                 0x24 (size before relaxing)
                0x40205954                sys_arch_protect
 .text.sys_arch_unprotect
                0x40205970       0x2d ./build/lwip.a(sys_arch.o)
                                 0x39 (size before relaxing)
                0x40205974                sys_arch_unprotect
 *fill*         0x4020599d        0x3 
 .text.sys_lock_tcpip_core
                0x402059a0       0x49 ./build/lwip.a(sys_arch.o)
                                 0x55 (size before relaxing)
                0x402059ac                sys_lock_tcpip_core
 *fill*         0x402059e9        0x3 
 .text.sys_unlock_tcpip_core
                0x402059ec       0x2b ./build/lwip.a(sys_arch.o)
                                 0x3f (size before relaxing)
                0x402059ec                sys_unlock_tcpip_core
 *fill*         0x40205a17        0x1 
 .text.sys_mark_tcpip_thread
                0x40205a18       0x18 ./build/lwip.a(sys_arch.o)
                                 0x20 (size before relaxing)
                0x40205a1c                sys_mark_tcpip_thread
 .text.sys_check_core_locking
                0x40205a30       0x31 ./build/lwip.a(sys_arch.o)
                                 0x4c (size before relaxing)
                0x40205a34                sys_check_core_locking
 *fill*         0x40205a61        0x3 
 .text.tcpip_thread
                0x40205a64       0xc3 ./build/lwip.a(tcpip.o)
                                0x113 (size before relaxing)
 *fill*         0x40205b27        0x1 
 .text.tcpip_inpkt
                0x40205b28       0x57 ./build/lwip.a(tcpip.o)
                                 0x73 (size before relaxing)
                0x40205b28                tcpip_inpkt
 *fill*         0x40205b7f        0x1 
 .text.tcpip_input
                0x40205b80       0x34 ./build/lwip.a(tcpip.o)
                                 0x43 (size before relaxing)
                0x40205b88                tcpip_input
 *fill*         0x40205bb4        0x0 
 .text.tcpip_try_callback
                0x40205bb4       0x4d ./build/lwip.a(tcpip.o)
                                 0x69 (size before relaxing)
                0x40205bb4                tcpip_try_callback
 *fill*         0x40205c01        0x3 
 .text.tcpip_send_msg_wait_sem
                0x40205c04       0x25 ./build/lwip.a(tcpip.o)
                                 0x35 (size before relaxing)
                0x40205c04                tcpip_send_msg_wait_sem
 *fill*         0x40205c29        0x3 
 .text.tcpip_init
                0x40205c2c       0x4c ./build/lwip.a(tcpip.o)
                                 0x78 (size before relaxing)
                0x40205c34                tcpip_init
 .text.lwip_htonl
                0x40205c78       0x2b ./build/lwip.a(def.o)
                0x40205c80                lwip_htonl
 *fill*         0x40205ca3        0x1 
 .text.netif_issue_reports
                0x40205ca4       0x3d ./build/lwip.a(netif.o)
                                 0x49 (size before relaxing)
 *fill*         0x40205ce1        0x3 
 .text.netif_do_set_ipaddr
                0x40205ce4       0x45 ./build/lwip.a(netif.o)
                                 0x59 (size before relaxing)
 *fill*         0x40205d29        0x3 
 .text.netif_set_addr
                0x40205d2c       0x6f ./build/lwip.a(netif.o)
                                 0x7f (size before relaxing)
                0x40205d30                netif_set_addr
 *fill*         0x40205d9b        0x1 
 .text.netif_add
                0x40205d9c      0x101 ./build/lwip.a(netif.o)
                                0x115 (size before relaxing)
                0x40205da4                netif_add
 *fill*         0x40205e9d        0x3 
 .text.netif_set_default
                0x40205ea0       0x1e ./build/lwip.a(netif.o)
                                 0x26 (size before relaxing)
                0x40205ea4                netif_set_default
 *fill*         0x40205ebe        0x2 
 .text.netif_set_up
                0x40205ec0       0x2d ./build/lwip.a(netif.o)
                                 0x39 (size before relaxing)
                0x40205ec0                netif_set_up
 *fill*         0x40205eed        0x3 
 .text.netif_set_down
                0x40205ef0       0x2e ./build/lwip.a(netif.o)
                                 0x3a (size before relaxing)
                0x40205ef0                netif_set_down
 *fill*         0x40205f1e        0x2 
 .text.netif_get_by_index
                0x40205f20       0x33 ./build/lwip.a(netif.o)
                                 0x3b (size before relaxing)
                0x40205f20                netif_get_by_index
 *fill*         0x40205f53        0x1 
 .text.pbuf_free_ooseq_callback
                0x40205f54       0x40 ./build/lwip.a(pbuf.o)
                                 0x54 (size before relaxing)
 .text.pbuf_free$part$3
                0x40205f94       0x87 ./build/lwip.a(pbuf.o)
                                 0xaf (size before relaxing)
 *fill*         0x4020601b        0x1 
 .text.pbuf_copy_partial$part$7
                0x4020601c       0x71 ./build/lwip.a(pbuf.o)
                                 0x75 (size before relaxing)
 *fill*         0x4020608d        0x3 
 .text.pbuf_header_impl
                0x40206090       0x49 ./build/lwip.a(pbuf.o)
                                 0x51 (size before relaxing)
 *fill*         0x402060d9        0x3 
 .text.pbuf_alloc_reference
                0x402060dc       0x42 ./build/lwip.a(pbuf.o)
                                 0x46 (size before relaxing)
                0x402060dc                pbuf_alloc_reference
 *fill*         0x4020611e        0x2 
 .text.pbuf_alloc
                0x40206120      0x155 ./build/lwip.a(pbuf.o)
                                0x191 (size before relaxing)
                0x4020612c                pbuf_alloc
 *fill*         0x40206275        0x3 
 .text.pbuf_realloc
                0x40206278       0x71 ./build/lwip.a(pbuf.o)
                                 0x7d (size before relaxing)
                0x40206278                pbuf_realloc
 *fill*         0x402062e9        0x3 
 .text.pbuf_add_header
                0x402062ec       0x35 ./build/lwip.a(pbuf.o)
                                 0x39 (size before relaxing)
                0x402062f0                pbuf_add_header
 *fill*         0x40206321        0x3 
 .text.pbuf_remove_header
                0x40206324       0x42 ./build/lwip.a(pbuf.o)
                                 0x46 (size before relaxing)
                0x40206324                pbuf_remove_header
 *fill*         0x40206366        0x2 
 .text.pbuf_header_force
                0x40206368       0x17 ./build/lwip.a(pbuf.o)
                                 0x1f (size before relaxing)
                0x40206368                pbuf_header_force
 *fill*         0x4020637f        0x1 
 .text.pbuf_free_header
                0x40206380       0x53 ./build/lwip.a(pbuf.o)
                                 0x5b (size before relaxing)
                0x40206380                pbuf_free_header
 *fill*         0x402063d3        0x1 
 .text.pbuf_free
                0x402063d4       0x11 ./build/lwip.a(pbuf.o)
                                 0x18 (size before relaxing)
                0x402063d4                pbuf_free
 *fill*         0x402063e5        0x3 
 .text.pbuf_ref
                0x402063e8       0x25 ./build/lwip.a(pbuf.o)
                                 0x31 (size before relaxing)
                0x402063e8                pbuf_ref
 *fill*         0x4020640d        0x3 
 .text.pbuf_cat
                0x40206410       0x23 ./build/lwip.a(pbuf.o)
                                 0x27 (size before relaxing)
                0x40206410                pbuf_cat
 *fill*         0x40206433        0x1 
 .text.pbuf_chain
                0x40206434       0x3f ./build/lwip.a(pbuf.o)
                                 0x4f (size before relaxing)
                0x40206434                pbuf_chain
 *fill*         0x40206473        0x1 
 .text.pbuf_copy
                0x40206474      0x10f ./build/lwip.a(pbuf.o)
                                0x113 (size before relaxing)
                0x40206474                pbuf_copy
 *fill*         0x40206583        0x1 
 .text.pbuf_copy_partial
                0x40206584       0x31 ./build/lwip.a(pbuf.o)
                                 0x35 (size before relaxing)
                0x40206584                pbuf_copy_partial
 *fill*         0x402065b5        0x3 
 .text.pbuf_take
                0x402065b8       0x72 ./build/lwip.a(pbuf.o)
                                 0x76 (size before relaxing)
                0x402065b8                pbuf_take
 *fill*         0x4020662a        0x2 
 .text.pbuf_take_at
                0x4020662c       0x93 ./build/lwip.a(pbuf.o)
                                 0x9f (size before relaxing)
                0x4020662c                pbuf_take_at
 *fill*         0x402066bf        0x1 
 .text.pbuf_clone
                0x402066c0       0x2b ./build/lwip.a(pbuf.o)
                                 0x37 (size before relaxing)
                0x402066c0                pbuf_clone
 *fill*         0x402066eb        0x1 
 .text.sys_timeout_abs
                0x402066ec       0x63 ./build/lwip.a(timeouts.o)
                                 0x67 (size before relaxing)