Archive member included to satisfy reference by file (symbol)

./build/open_esplibs_libmain.a(timers.o)
                              (--whole-archive)
./build/open_esplibs_libmain.a(misc.o)
                              (--whole-archive)
./build/open_esplibs_libmain.a(uart.o)
                              (--whole-archive)
./build/open_esplibs_libmain.a(os_cpu_a.o)
                              (--whole-archive)
./build/open_esplibs_libmain.a(spi_flash.o)
                              (--whole-archive)
./build/open_esplibs_libmain.a(ets_timer.o)
                              (--whole-archive)
./build/open_esplibs_libmain.a(user_interface.o)
                              (--whole-archive)
./build/open_esplibs_libmain.a(xtensa_context.o)
                              (--whole-archive)
./build/open_esplibs_libnet80211.a(ieee80211_sta.o)
                              (--whole-archive)
./build/open_esplibs_libnet80211.a(ieee80211_input.o)
                              (--whole-archive)
./build/open_esplibs_libnet80211.a(ieee80211_ets.o)
                              (--whole-archive)
./build/open_esplibs_libnet80211.a(wl_cnx.o)
                              (--whole-archive)
./build/open_esplibs_libnet80211.a(ieee80211_hostap.o)
                              (--whole-archive)
./build/open_esplibs_libphy.a(phy_sleep.o)
                              (--whole-archive)
./build/open_esplibs_libphy.a(phy.o)
                              (--whole-archive)
./build/open_esplibs_libphy.a(phy_chip_v6.o)
                              (--whole-archive)
./build/open_esplibs_libpp.a(wdev.o)
                              (--whole-archive)
./build/open_esplibs_libpp.a(lmac.o)
                              (--whole-archive)
./build/open_esplibs_libpp.a(esf_buf.o)
                              (--whole-archive)
./build/open_esplibs_libpp.a(pp.o)
                              (--whole-archive)
./build/open_esplibs_libpp.a(if_hwctrl.o)
                              (--whole-archive)
./build/open_esplibs_libpp.a(pm.o)
                              (--whole-archive)
./build/open_esplibs_libwpa.a(wpa_main.o)
                              (--whole-archive)
./build/open_esplibs_libwpa.a(os_xtensa.o)
                              (--whole-archive)
./build/freertos.a(timers.o)  ./build/open_esplibs_libmain.a(timers.o) (xTimerCreate)
./build/freertos.a(tasks.o)   ./build/open_esplibs_libmain.a(os_cpu_a.o) (pxCurrentTCB)
./build/freertos.a(list.o)    ./build/freertos.a(timers.o) (vListInitialise)
./build/freertos.a(queue.o)   ./build/freertos.a(timers.o) (xQueueGenericCreate)
./build/freertos.a(port.o)    ./build/freertos.a(timers.o) (vAssertCalled)
./build/lwip.a(esp_interface.o)
                              ./build/open_esplibs_libnet80211.a(ieee80211_input.o) (ethernetif_input)
./build/lwip.a(sys_arch.o)    ./build/open_esplibs_libmain.a(user_interface.o) (sys_lock_tcpip_core)
./build/lwip.a(tcpip.o)       ./build/open_esplibs_libnet80211.a(ieee80211_sta.o) (tcpip_input)
./build/lwip.a(def.o)         ./build/lwip.a(esp_interface.o) (lwip_htons)
./build/lwip.a(netif.o)       ./build/open_esplibs_libmain.a(user_interface.o) (netif_set_addr)
./build/lwip.a(pbuf.o)        ./build/open_esplibs_libnet80211.a(ieee80211_input.o) (pbuf_alloc_reference)
./build/lwip.a(timeouts.o)    ./build/lwip.a(tcpip.o) (sys_check_timeouts)
./build/lwip.a(tcp.o)         ./build/lwip.a(pbuf.o) (tcp_active_pcbs)
./build/lwip.a(memp.o)        ./build/lwip.a(tcpip.o) (memp_malloc)
./build/lwip.a(init.o)        ./build/lwip.a(tcpip.o) (lwip_init)
./build/lwip.a(mem.o)         ./build/lwip.a(init.o) (mem_init)
./build/lwip.a(ip4.o)         ./build/lwip.a(tcp.o) (ip4_route)
./build/lwip.a(igmp.o)        ./build/lwip.a(init.o) (igmp_init)
./build/lwip.a(ip4_addr.o)    ./build/lwip.a(ip4.o) (ip4_addr_isbroadcast_u32)
./build/lwip.a(etharp.o)      ./build/lwip.a(timeouts.o) (etharp_tmr)
./build/lwip.a(dhcp.o)        ./build/lwip.a(netif.o) (dhcp_network_changed)
./build/lwip.a(ip4_frag.o)    ./build/lwip.a(timeouts.o) (ip_reass_tmr)
./build/lwip.a(ethernet.o)    ./build/lwip.a(etharp.o) (ethbroadcast)
./build/lwip.a(tcp_out.o)     ./build/lwip.a(tcp.o) (tcp_split_unsent_seg)
./build/lwip.a(udp.o)         ./build/lwip.a(init.o) (udp_init)
./build/lwip.a(tcp_in.o)      ./build/lwip.a(tcp.o) (tcp_input_pcb)
./build/lwip.a(ip.o)          ./build/lwip.a(ip4.o) (ip_data)
./build/lwip.a(dns.o)         ./build/lwip.a(init.o) (dns_init)
./build/lwip.a(inet_chksum.o)
                              ./build/lwip.a(tcp_out.o) (ip_chksum_pseudo)
./build/lwip.a(icmp.o)        ./build/lwip.a(ip4.o) (icmp_input)
./build/core.a(debug_dumps.o)
                              ./build/freertos.a(port.o) (abort)
./build/core.a(esp_hwrand.o)  ./build/lwip.a(tcp.o) (hwrand)
./build/core.a(sdk_compat.o)  ./build/open_esplibs_libnet80211.a(ieee80211_hostap.o) (zalloc)
[...]
Memory Configuration

Name             Origin             Length             Attributes
dport0_0_seg     0x3ff00000         0x00000010
dram0_0_seg      0x3ffe8000         0x00014000
iram1_0_seg      0x40100000         0x00008000
irom0_0_seg      0x40202010         0x000fdff0
*default*        0x00000000         0xffffffff

Linker script and memory map

LOAD ./build/open_esplibs_libmain.a
LOAD ./build/open_esplibs_libnet80211.a
LOAD ./build/open_esplibs_libphy.a
LOAD ./build/open_esplibs_libpp.a
LOAD ./build/open_esplibs_libwpa.a
START GROUP
LOAD ./build/program.a
LOAD ./build/freertos.a
LOAD ./build/lwip.a
LOAD ./build/core.a
LOAD ./build/open_esplibs.a
LOAD ./build/libgcc.a
LOAD ./build/libc.a
LOAD C:/msys32/home/QuangNM/esp-open-rtos/lib\libhal.a
LOAD ./build/sdklib\libmain.a
LOAD ./build/sdklib\libnet80211.a
LOAD ./build/sdklib\libphy.a
LOAD ./build/sdklib\libpp.a
LOAD ./build/sdklib\libwpa.a
END GROUP
                0x401059e0                pvPortMalloc = malloc
                0x401059fc                vPortFree = free
                0x40105cf8                ets_printf = printf
                [!provide]                PROVIDE (_memmap_vecbase_reset = 0x40000000)
                0x00000110                _memmap_cacheattr_wb_base = 0x110
                0x00000110                _memmap_cacheattr_wt_base = 0x110
                0x00000220                _memmap_cacheattr_bp_base = 0x220
                0xfffff00f                _memmap_cacheattr_unused_mask = 0xfffff00f
                0x2222211f                _memmap_cacheattr_wb_trapnull = 0x2222211f
                0x2222211f                _memmap_cacheattr_wba_trapnull = 0x2222211f
                0x2222211f                _memmap_cacheattr_wbna_trapnull = 0x2222211f
                0x2222211f                _memmap_cacheattr_wt_trapnull = 0x2222211f
                0x2222222f                _memmap_cacheattr_bp_trapnull = 0x2222222f
                0xfffff11f                _memmap_cacheattr_wb_strict = 0xfffff11f
                0xfffff11f                _memmap_cacheattr_wt_strict = 0xfffff11f
                0xfffff22f                _memmap_cacheattr_bp_strict = 0xfffff22f
                0x22222112                _memmap_cacheattr_wb_allvalid = 0x22222112
                0x22222112                _memmap_cacheattr_wt_allvalid = 0x22222112
                0x22222222                _memmap_cacheattr_bp_allvalid = 0x22222222
                [!provide]                PROVIDE (_memmap_cacheattr_reset = _memmap_cacheattr_wb_trapnull)

.dport0.rodata  0x3ff00000        0x0
                0x3ff00000                _dport0_rodata_start = ABSOLUTE (.)
 *(.dport0.rodata)
 *(.dport.rodata)
                0x3ff00000                _dport0_rodata_end = ABSOLUTE (.)

.dport0.literal
                0x3ff00000        0x0
                0x3ff00000                _dport0_literal_start = ABSOLUTE (.)
 *(.dport0.literal)
 *(.dport.literal)
                0x3ff00000                _dport0_literal_end = ABSOLUTE (.)

.dport0.data    0x3ff00000        0x0
                0x3ff00000                _dport0_data_start = ABSOLUTE (.)
 *(.dport0.data)
 *(.dport.data)
                0x3ff00000                _dport0_data_end = ABSOLUTE (.)

.text           0x40100000     0x6bae
                0x40100000                _stext = .
                0x40100000                _text_start = ABSOLUTE (.)
                0x40100000                . = ALIGN (0x10)
 *(.vecbase.text)
 .vecbase.text  0x40100000      0x3b2 ./build/core.a(exception_vectors.o)
                0x40100000                VecBase
                0x4010023c                call_user_start
                0x4010039e                _xt_user_exit
 *(.entry.text)
 *(.init.literal)
 *(.init)
 *(.iram1.*)
 *fill*         0x401003b2        0x2 
 .iram1.text    0x401003b4        0xb ./build/open_esplibs_libmain.a(misc.o)
                0x401003b8                sdk_os_get_cpu_frequency
 *fill*         0x401003bf        0x1 
 .iram1.text    0x401003c0      0x12d ./build/open_esplibs_libmain.a(os_cpu_a.o)
                                0x175 (size before relaxing)
                0x401003c4                vPortYield
                0x401003fc                sdk__xt_int_enter
                0x40100414                sdk__xt_int_exit
                0x40100444                sdk__xt_timer_int
                0x40100480                sdk__xt_timer_int1
                0x40100494                sdk__xt_tick_timer_init
                0x401004c0                sdk__xt_isr_unmask
                0x401004d0                sdk__xt_isr_mask
                0x401004e0                sdk__xt_read_ints
                0x401004e8                sdk__xt_clear_ints
 *fill*         0x401004ed        0x3 
 .iram1.text    0x401004f0      0x3e4 ./build/open_esplibs_libmain.a(spi_flash.o)
                                0x4b4 (size before relaxing)
                0x401005e8                sdk_SPIReadModeCnfig
                0x4010065c                sdk_SPIWrite
                0x40100680                sdk_SPIRead
                0x401006ac                sdk_SPIEraseSector
                0x4010070c                sdk_spi_flash_get_id
                0x40100768                sdk_spi_flash_read_status
                0x401007a8                sdk_spi_flash_write_status
                0x401007e4                sdk_spi_flash_erase_sector
                0x40100818                sdk_spi_flash_write
                0x40100880                sdk_spi_flash_read
 .iram1.text    0x401008d4       0x47 ./build/open_esplibs_libmain.a(ets_timer.o)
                                 0x4f (size before relaxing)
 *fill*         0x4010091b        0x1 
 .iram1.text    0x4010091c      0x1f5 ./build/open_esplibs_libmain.a(user_interface.o)
                                0x211 (size before relaxing)
                0x40100934                sdk_system_restart_in_nmi
                0x40100a44                sdk_system_rtc_mem_write
                0x40100aac                sdk_system_rtc_mem_read
 *fill*         0x40100b11        0x3 
 .iram1.text    0x40100b14       0x59 ./build/open_esplibs_libnet80211.a(ieee80211_input.o)
                0x40100b20                sdk_ieee80211_deliver_data
 *fill*         0x40100b6d        0x3 
 .iram1.text    0x40100b70      0x1c6 ./build/open_esplibs_libnet80211.a(ieee80211_hostap.o)
                                0x1da (size before relaxing)
 *fill*         0x40100d36        0x2 
 .iram1.text    0x40100d38       0x55 ./build/open_esplibs_libwpa.a(os_xtensa.o)
                                 0x65 (size before relaxing)
                0x40100d38                sdk_os_get_time
                0x40100d3c                sdk_os_random
                0x40100d4c                sdk_os_get_random
 *fill*         0x40100d8d        0x3 
 .iram1.text    0x40100d90      0x103 ./build/freertos.a(port.o)
                                0x13b (size before relaxing)
                0x40100d98                SV_ISR
                0x40100de0                vPortEnterCritical
                0x40100e0c                vPortExitCritical
                0x40100e38                PendSV
 *fill*         0x40100e93        0x1 
 .iram1.text    0x40100e94       0x98 ./build/core.a(debug_dumps.o)
                                 0xb4 (size before relaxing)
                0x40100eec                debug_exception_handler
                0x40100eec                fatal_exception_handler
                0x40100f0c                abort
 .iram1.text    0x40100f2c       0x12 ./build/core.a(esp_hwrand.o)
                0x40100f30                hwrand
 *fill*         0x40100f3e        0x2 
 .iram1.text    0x40100f40       0x1b ./build/core.a(sdk_compat.o)
                0x40100f44                zalloc
 *fill*         0x40100f5b        0x1 
 .iram1.text    0x40100f5c      0x30f ./build/core.a(app_main.o)
                                0x363 (size before relaxing)
                0x40100f84                vApplicationStackOverflowHook
                0x40100fac                vApplicationIdleHook
                0x40100fd0                vApplicationTickHook
                0x40101050                sdk_user_start
 *fill*         0x4010126b        0x1 
 .iram1.text    0x4010126c       0xae ./build/core.a(esp_interrupts.o)
                                 0xb2 (size before relaxing)
                0x40101270                _xt_isr_attach
                0x40101288                _xt_isr_handler
 *fill*         0x4010131a        0x2 
 .iram1.text    0x4010131c       0x67 ./build/core.a(spiflash-cache-enable.o)
                                 0x7b (size before relaxing)
                0x4010132c                Cache_Read_Enable
 *fill*         0x40101383        0x1 
 .iram1.text    0x40101384       0x38 ./build/core.a(newlib_syscalls.o)
                0x40101390                _sbrk_r
 .iram1.text    0x401013bc      0x3e7 ./build/core.a(spiflash.o)
                                0x493 (size before relaxing)
                0x401014d0                spiflash_read
                0x401015c4                spiflash_write
                0x40101730                spiflash_erase_sector
 *fill*         0x401017a3        0x1 
 .iram1.text    0x401017a4       0x28 ./build/core.a(esp_iomux.o)
                0x401017a8                gpio_to_iomux
                0x401017bc                iomux_to_gpio
 *fill*         0x401017cc        0x0 
 *fill*         0x401017cc        0x0 
 *fill*         0x401017cc        0x0 
 *fill*         0x401017cc        0x0 
 *fill*         0x401017cc        0x0 
 .iram1.text    0x401017cc       0x3d ./build/open_esplibs_libmain.a(xtensa_context.o)
                0x401017cc                sdk__xt_context_save
                0x401017e8                sdk__xt_context_restore
 *fill*         0x40101809        0x0 
 *fill*         0x40101809        0x0 
 *fill*         0x40101809        0x0 
 *fill*         0x40101809        0x0 
 *fill*         0x40101809        0x3 
 .iram1.data    0x4010180c        0x4 ./build/core.a(debug_dumps.o)
 *fill*         0x40101810        0x0 
 *fill*         0x40101810        0x0 
 *fill*         0x40101810        0x0 
 *fill*         0x40101810        0x0 
 *fill*         0x40101810        0x0 
 *fill*         0x40101810        0x0 
 .iram1.data    0x40101810       0x80 ./build/core.a(esp_iomux.o)
 *sdklib*:*(.literal .text .literal.* .text.*)
 .text          0x40101890        0xb ./build/sdklib\libnet80211.a(wl_chm.o)
                0x40101894                sdk_chm_get_current_channel
 *fill*         0x4010189b        0x1 
 .text          0x4010189c       0x4f ./build/sdklib\libphy.a(phy.o)
                                 0x53 (size before relaxing)
                0x401018a4                sdk_register_phy_ops
                0x401018c4                sdk_phy_change_channel
                0x401018e0                sdk_phy_get_mactime
 *fill*         0x401018eb        0x1 
 .text          0x401018ec       0xf7 ./build/sdklib\libphy.a(phy_sleep.o)
                                0x103 (size before relaxing)
                0x401018fc                sdk_pm_rtc_clock_cali
                0x401019b8                sdk_clockgate_watchdog
 *fill*         0x401019e3        0x1 
 .text          0x401019e4       0x94 ./build/sdklib\libpp.a(esf_buf.o)
                                 0xb4 (size before relaxing)
                0x401019e8                sdk_esf_rx_buf_alloc
 .text          0x40101a78     0x14e0 ./build/sdklib\libpp.a(lmac.o)
                               0x187c (size before relaxing)
                0x40101a7c                sdk_lmacIsActive
                0x40101a90                sdk_lmacIsIdle
                0x40101ed8                sdk_lmacSetAcParam
                0x40101f74                sdk_lmacProcessTXStartData
                0x4010211c                sdk_lmacProcessTxSuccess
                0x40102264                sdk_GetAccess
                0x40102270                sdk_lmacDiscardAgedMSDU
                0x40102284                sdk_lmacRecycleMPDU
                0x40102764                sdk_lmacProcessCollisions
                0x401027c0                sdk_lmacProcessCollision
                0x40102844                sdk_lmacMSDUAged
                0x40102bc8                sdk_lmacProcessCtsTimeout
                0x40102c10                sdk_lmacProcessAckTimeout
                0x40102c64                sdk_lmacProcessRtsStart
                0x40102c70                sdk_lmacProcessTxRtsError
                0x40102d08                sdk_lmacProcessTxError
                0x40102d8c                sdk_lmacTxFrame
                0x40102f40                sdk_lmacRxDone
 .text          0x40102f58      0xe70 ./build/sdklib\libpp.a(pp.o)
                               0x103c (size before relaxing)
                0x40102f88                sdk_pp_soft_wdt_feed
                0x4010309c                sdk_ppProcessTxQ
                0x4010318c                sdk_ppFetchTxQFirstAvail
                0x401031cc                sdk_ppDequeueTxQ
                0x401031f4                sdk_ppRollBackTxQ
                0x40103218                sdk_ppRecordBarRRC
                0x40103228                sdk_ppTxqUpdateBitmap
                0x4010324c                sdk_ppEnqueueTxDone
                0x40103280                sdk_ppEnqueueRxq
                0x40103a48                sdk_ppDiscardMPDU
                0x40103a7c                sdk_MacIsrSigPostDefHdl
                0x40103b70                sdk_pp_post
                0x40103c74                sdk_ppCalTxop
                0x40103d58                sdk_ppCalFrameTimes
 .text          0x40103dc8       0xf5 ./build/sdklib\libpp.a(rate_control.o)
                                0x109 (size before relaxing)
                0x40103de8                sdk_RC_GetAckRate
                0x40103df4                sdk_RC_GetRtsRate
                0x40103e04                sdk_RC_GetAckTime
                0x40103e18                sdk_RC_GetCtsTime
                0x40103e50                sdk_RC_GetBlockAckTime
 *fill*         0x40103ebd        0x3 
 .text          0x40103ec0      0x7f9 ./build/sdklib\libpp.a(trc.o)
                                0x81d (size before relaxing)
                0x40104038                sdk_rcUpdateTxDone
                0x401040cc                sdk_rcUpdateRxDone
                0x40104128                sdk_rcUpdateDataRxDone
                0x40104140                sdk_rcGetSched
                0x401041e8                sdk_rcGetRate
                0x401045ec                sdk_rcReachRetryLimit
                0x40104604                sdk_trc_NeedRTS
 *fill*         0x401046b9        0x3 
 .text          0x401046bc     0x1163 ./build/sdklib\libpp.a(wdev.o)
                               0x1473 (size before relaxing)
                0x40104a10                sdk_wDev_MacTimSetFunc
                0x40104a30                sdk_wDev_MacTimArm
                0x40104ad4                sdk_wDev_MacTim1Arm
                0x40104bb0                sdk_wDev_ProcessFiq
                0x40104f54                sdk_wDev_EnableTransmit
                0x40104f98                sdk_wDev_DisableTransmit
                0x40104fb8                sdk_Tx_Copy2Queue
                0x40105000                sdk_wDev_ProcessCollision
                0x40105024                sdk_wDev_GetTxqCollisions
                0x40105034                sdk_wDev_ClearTxqCollisions
                0x4010504c                sdk_wDev_SetWaitingQueue
                0x40105098                sdk_wDev_ClearWaitingQueue
                0x401050b8                sdk_wDev_SetFrameAckType
                0x4010511c                sdk_wDev_AppendRxBlocks
                0x401052c4                sdk_wDev_AppendRxAmpduLensBlocks
                0x401053fc                sdk_wDev_GetBAInfo
 *fill*         0x4010581f        0x1 
 .text          0x40105820       0x25 ./build/sdklib\libnet80211.a(ieee80211_hostap.o)
 *fill*         0x40105845        0x0 
 *fill*         0x40105845        0x0 
 *fill*         0x40105845        0x3 
 .text          0x40105848        0x2 ./build/sdklib\libphy.a(phy_chip_v6.o)
                0x40105848                sdk_ram_tx_mac_disable
 *fill*         0x4010584a        0x0 
 *fill*         0x4010584a        0x0 
 *fill*         0x4010584a        0x0 
 *fill*         0x4010584a        0x0 
 *fill*         0x4010584a        0x2 
 .text          0x4010584c       0x11 ./build/sdklib\libwpa.a(wpa_auth.o)
 *libgcc.a:*i3.o(.literal .text .literal.* .text.*)
 *fill*         0x4010585d        0x3 
 .text          0x40105860       0x49 ./build/libgcc.a(_modsi3.o)
                0x40105860                __modsi3
 *fill*         0x401058a9        0x3 
 .text          0x401058ac       0x4c ./build/libgcc.a(_udivsi3.o)
                0x401058ac                __udivsi3
 .text          0x401058f8       0x18 ./build/libgcc.a(_ashrdi3.o)
                0x401058f8                __ashrdi3
 *libc.a:*malloc.o(.literal .text .literal.* .text.*)
 .literal       0x40105910        0x4 ./build/libc.a(lib_a-malloc.o)
                                 0x10 (size before relaxing)
 .literal       0x40105914        0x8 ./build/libc.a(lib_a-nano-mallocr.o)
                                 0x20 (size before relaxing)
 .literal       0x4010591c        0x0 ./build/libc.a(lib_a-nano-freer.o)
                                  0xc (size before relaxing)
 .literal       0x4010591c       0x28 ./build/libc.a(lib_a-rand.o)
                                 0x58 (size before relaxing)
 .literal       0x40105944        0xc ./build/libc.a(lib_a-mlock.o)
                                 0x10 (size before relaxing)
 .literal       0x40105950        0x0 ./build/libc.a(lib_a-printf.o)
                                  0xc (size before relaxing)
 .literal       0x40105950        0x0 ./build/libc.a(lib_a-sprintf.o)
                                 0x14 (size before relaxing)
 .literal       0x40105950        0x0 ./build/libc.a(lib_a-fprintf.o)
                                  0xc (size before relaxing)
 .literal       0x40105950       0x24 ./build/libc.a(lib_a-nano-svfprintf.o)
                                 0x54 (size before relaxing)
 .literal       0x40105974       0x1c ./build/libc.a(lib_a-nano-vfprintf.o)
                                 0x54 (size before relaxing)
 .literal       0x40105990       0x48 ./build/libc.a(lib_a-findfp.o)
                                 0xa4 (size before relaxing)
 .literal       0x401059d8        0x8 ./build/libc.a(lib_a-fputwc.o)
                                 0x20 (size before relaxing)
 .text          0x401059e0       0x35 ./build/libc.a(lib_a-malloc.o)
                0x401059e0                malloc
                0x401059fc                free
 *libc.a:*mallocr.o(.literal .text .literal.* .text.*)
 *fill*         0x40105a15        0x3 
 .text          0x40105a18       0xed ./build/libc.a(lib_a-nano-mallocr.o)
                                 0xf1 (size before relaxing)
                0x40105a18                _malloc_r
 *fill*         0x40105b05        0x0 
 *libc.a:*freer.o(.literal .text .literal.* .text.*)
 *fill*         0x40105b05        0x3 
 .text          0x40105b08       0xb1 ./build/libc.a(lib_a-nano-freer.o)
                0x40105b08                _free_r
 *fill*         0x40105bb9        0x0 
 *libc.a:*memcpy.o(.literal .text .literal.* .text.*)
 *libc.a:*memset.o(.literal .text .literal.* .text.*)
 *libc.a:*memcmp.o(.literal .text .literal.* .text.*)
 *libc.a:*memmove.o(.literal .text .literal.* .text.*)
 *libc.a:*rand.o(.literal .text .literal.* .text.*)
 *fill*         0x40105bb9        0x3 
 .text          0x40105bbc       0xdd ./build/libc.a(lib_a-rand.o)
                                 0xe1 (size before relaxing)
                0x40105bbc                srand
                0x40105c20                rand
 *fill*         0x40105c99        0x0 
 *libc.a:*bzero.o(.literal .text .literal.* .text.*)
 *libc.a:*lock.o(.literal .text .literal.* .text.*)
 *fill*         0x40105c99        0x3 
 .text          0x40105c9c       0x2d ./build/libc.a(lib_a-mlock.o)
                0x40105c9c                __malloc_lock
                0x40105cb4                __malloc_unlock
 *fill*         0x40105cc9        0x0 
 *libc.a:*-printf.o(.literal .text .literal.* .text.*)
 *fill*         0x40105cc9        0x3 
 .text          0x40105ccc       0x61 ./build/libc.a(lib_a-printf.o)
                                 0x65 (size before relaxing)
                0x40105ccc                _printf_r
                0x40105ccc                _iprintf_r
                0x40105cf8                iprintf
                0x40105cf8                printf
 *fill*         0x40105d2d        0x0 
 *libc.a:*-sprintf.o(.literal .text .literal.* .text.*)
 *fill*         0x40105d2d        0x3 
 .text          0x40105d30       0xb5 ./build/libc.a(lib_a-sprintf.o)
                                 0xb9 (size before relaxing)
                0x40105d30                _sprintf_r
                0x40105d30                _siprintf_r
                0x40105d88                siprintf
                0x40105d88                sprintf
 *fill*         0x40105de5        0x0 
 *libc.a:*-fprintf.o(.literal .text .literal.* .text.*)
 *fill*         0x40105de5        0x3 
 .text          0x40105de8       0x57 ./build/libc.a(lib_a-fprintf.o)
                                 0x5b (size before relaxing)
                0x40105de8                _fprintf_r
                0x40105de8                _fiprintf_r
                0x40105e0c                fiprintf
                0x40105e0c                fprintf
 *fill*         0x40105e3f        0x0 
 *libc.a:*-svfprintf.o(.literal .text .literal.* .text.*)
 *fill*         0x40105e3f        0x1 
 .text          0x40105e40      0x4c5 ./build/libc.a(lib_a-nano-svfprintf.o)
                0x40105e40                __ssputs_r
                0x40105f3c                __ssprint_r
                0x40106070                _svfiprintf_r
                0x40106070                _svfprintf_r
 *fill*         0x40106305        0x0 
 *libc.a:*-vfprintf.o(.literal .text .literal.* .text.*)
 *fill*         0x40106305        0x3 
 .text          0x40106308      0x43b ./build/libc.a(lib_a-nano-vfprintf.o)
                                0x43f (size before relaxing)
                0x40106340                __sfputs_r
                0x401063b0                __sprint_r
                0x40106440                _vfiprintf_r
                0x40106440                _vfprintf_r
                0x4010671c                vfprintf
                0x4010671c                vfiprintf
 *fill*         0x40106743        0x0 
 *libc.a:*findfp.o(.literal .text .literal.* .text.*)
 *fill*         0x40106743        0x1 
 .text          0x40106744      0x317 ./build/libc.a(lib_a-findfp.o)
                0x4010679c                _cleanup_r
                0x40106834                __sfmoreglue
                0x4010687c                _cleanup
                0x40106890                __sfp_lock_acquire
                0x401068a8                __sfp_lock_release
                0x401068c0                __sinit_lock_acquire
                0x401068d8                __sinit_lock_release
                0x401068f0                __sinit
                0x4010696c                __sfp
                0x40106a1c                __fp_lock_all
                0x40106a3c                __fp_unlock_all
 *fill*         0x40106a5b        0x0 
 *libc.a:*fputwc.o(.literal .text .literal.* .text.*)
 *fill*         0x40106a5b        0x1 
 .text          0x40106a5c      0x152 ./build/libc.a(lib_a-fputwc.o)
                                0x156 (size before relaxing)
                0x40106a5c                __fputwc
                0x40106b04                _fputwc_r
                0x40106b78                fputwc
 *fill*         0x40106bae        0x0 
 *(.stub .gnu.warning .gnu.linkonce.literal.* .gnu.linkonce.t.*.literal .gnu.linkonce.t.*)
 *(.fini.literal)
 *(.fini)
 *(.gnu.version)
                0x40106bae                _text_end = ABSOLUTE (.)
                0x40106bae                _etext = .

.data           0x3ffe8000      0x964
                0x3ffe8000                _data_start = ABSOLUTE (.)
 *(.data)
 .data          0x3ffe8000        0x8 ./build/core.a(spiflash-cache-enable.o)
                0x3ffe8000                rboot_megabyte
 .data          0x3ffe8008       0xf4 ./build/libc.a(lib_a-impure.o)
                0x3ffe8008                _impure_ptr
 .data          0x3ffe80fc      0x16c ./build/libc.a(lib_a-locale.o)
                0x3ffe80fc                __global_locale
 .data          0x3ffe8268        0x1 ./build/sdklib\libmain.a(user_interface.o)
 *fill*         0x3ffe8269        0x3 
 .data          0x3ffe826c      0x1a8 ./build/sdklib\libnet80211.a(ieee80211_phy.o)
 *fill*         0x3ffe8414        0x4 
 .data          0x3ffe8418        0x6 ./build/sdklib\libnet80211.a(ieee80211_proto.o)
                0x3ffe8418                sdk_ieee80211_addr_bcast
 *fill*         0x3ffe841e        0x2 
 .data          0x3ffe8420       0x1c ./build/sdklib\libnet80211.a(ieee80211_action.o)
 *fill*         0x3ffe843c        0x4 
 .data          0x3ffe8440       0x53 ./build/sdklib\libphy.a(phy_chip_v6.o)
                0x3ffe8442                sdk_tx_rf_ana_gain
                0x3ffe8464                sdk_tx_pwctrl_atten_init_en
                0x3ffe8470                sdk_rx_gain_swp
                0x3ffe8490                sdk_test_rffreq_txcap
 *fill*         0x3ffe8493        0xd 
 .data          0x3ffe84a0       0x90 ./build/sdklib\libphy.a(phy_chip_v6_cal.o)
                0x3ffe84a0                sdk_dpd_index
                0x3ffe8500                sdk_dpd_db2linear
 .data          0x3ffe8530        0x4 ./build/sdklib\libphy.a(phy_sleep.o)
                0x3ffe8530                sdk_chip_version
 .data          0x3ffe8534      0x11c ./build/sdklib\libphy.a(phy_chip_v5_romfunc.o)
                0x3ffe8534                sdk_g_phyFuns
                0x3ffe8538                sdk_g_phyFuns_instance
 .data          0x3ffe8650        0x7 ./build/sdklib\libphy.a(phy_chip_v5_cal_romfunc.o)
 *fill*         0x3ffe8657        0x1 
 .data          0x3ffe8658        0x1 ./build/sdklib\libpp.a(pm.o)
 *fill*         0x3ffe8659        0x3 
 .data          0x3ffe865c       0x10 ./build/sdklib\libpp.a(pp.o)
                0x3ffe865c                sdk_NoiseTimerInterval
                0x3ffe8664                sdk_sleep_start_wait_time
 *fill*         0x3ffe866c        0x4 
 .data          0x3ffe8670       0x40 ./build/sdklib\libpp.a(rate_control.o)
 .data          0x3ffe86b0      0x22c ./build/sdklib\libpp.a(trc.o)
 *fill*         0x3ffe88dc        0x4 
 .data          0x3ffe88e0       0x10 ./build/sdklib\libpp.a(wdev.o)
 .data          0x3ffe88f0       0x18 ./build/sdklib\libnet80211.a(ieee80211_crypto_ccmp.o)
                0x3ffe88f0                sdk_ccmp
 .data          0x3ffe8908       0x18 ./build/sdklib\libnet80211.a(ieee80211_crypto_tkip.o)
                0x3ffe8908                sdk_tkip
 .data          0x3ffe8920       0x18 ./build/sdklib\libnet80211.a(ieee80211_crypto_wep.o)
                0x3ffe8920                sdk_wep
 *(.data.*)
 .data.cpu_freq
                0x3ffe8938        0x4 ./build/open_esplibs_libmain.a(misc.o)
 .data.sdk_flashchip
                0x3ffe893c       0x18 ./build/open_esplibs_libmain.a(spi_flash.o)
                0x3ffe893c                sdk_flashchip
 .data.sdk_dhcpc_flag
                0x3ffe8954        0x4 ./build/open_esplibs_libmain.a(user_interface.o)
                0x3ffe8954                sdk_dhcpc_flag
 .data.iss$5749
                0x3ffe8958        0x4 ./build/lwip.a(tcp.o)
 .data.tcp_port
                0x3ffe895c        0x2 ./build/lwip.a(tcp.o)
 .data.udp_port
                0x3ffe895e        0x2 ./build/lwip.a(udp.o)
 .data.current_stdout_write_r
                0x3ffe8960        0x4 ./build/core.a(newlib_syscalls.o)
 *(.gnu.linkonce.d.*)
 *(.data1)
 *(.sdata)
 *(.sdata.*)
 *(.gnu.linkonce.s.*)
 *(.sdata2)
 *(.sdata2.*)
 *(.gnu.linkonce.s2.*)
 *(.jcr)
                0x3ffe8964                _data_end = ABSOLUTE (.)

.rodata         0x3ffe8968      0x8dc
                0x3ffe8968                _rodata_start = ABSOLUTE (.)
 *core.a:*(.rodata.* .rodata)
 .rodata.dump_excinfo.str1.4
                0x3ffe8968       0x59 ./build/core.a(debug_dumps.o)
 *fill*         0x3ffe89c1        0x3 
 .rodata.second_fatal_exception_handler_inner.str1.4
                0x3ffe89c4       0x4f ./build/core.a(debug_dumps.o)
 *fill*         0x3ffe8a13        0x1 
 .rodata.dump_stack.str1.4
                0x3ffe8a14       0x29 ./build/core.a(debug_dumps.o)
 *fill*         0x3ffe8a3d        0x3 
 .rodata.dump_registers_in_exception_handler.str1.4
                0x3ffe8a40       0x3e ./build/core.a(debug_dumps.o)
 *fill*         0x3ffe8a7e        0x2 
 .rodata.dump_heapinfo.str1.4
                0x3ffe8a80       0x99 ./build/core.a(debug_dumps.o)
 *fill*         0x3ffe8b19        0x3 
 .rodata.abort_handler_inner.str1.4
                0x3ffe8b1c       0x18 ./build/core.a(debug_dumps.o)
 .rodata.dump_flash_sector.str1.4
                0x3ffe8b34        0xe ./build/core.a(app_main.o)
 *fill*         0x3ffe8b42        0x2 
 .rodata.dump_flash_config_sectors.str1.4
                0x3ffe8b44       0x4c ./build/core.a(app_main.o)
 .rodata.sdk_user_init_task.str1.4
                0x3ffe8b90       0x68 ./build/core.a(app_main.o)
 .rodata.str1.4
                0x3ffe8bf8       0x7f ./build/core.a(app_main.o)
 *fill*         0x3ffe8c77        0x1 
 .rodata.user_start_phase2.str1.4
                0x3ffe8c78       0x5c ./build/core.a(app_main.o)
 .rodata.CSWTCH$7
                0x3ffe8cd4       0x24 ./build/core.a(app_main.o)
 .rodata.CSWTCH$6
                0x3ffe8cf8       0x40 ./build/core.a(app_main.o)
 .rodata        0x3ffe8d38       0x1c ./build/core.a(exception_vectors.o)
 *libc.a:*.o(.rodata.* .rodata)
 .rodata        0x3ffe8d54        0x4 ./build/libc.a(lib_a-impure.o)
                0x3ffe8d54                _global_impure_ptr
 .rodata.str1.1
                0x3ffe8d58        0xa ./build/libc.a(lib_a-locale.o)
                                  0xb (size before relaxing)
 .rodata.str1.1
                0x3ffe8d62       0x21 ./build/libc.a(lib_a-mstats.o)
 .rodata.str1.1
                0x3ffe8d83       0x4b ./build/libc.a(lib_a-nano-mallstatsr.o)
 .rodata.str1.1
                0x3ffe8dce       0x12 ./build/libc.a(lib_a-nano-vfprintf_float.o)
 .rodata.str1.1
                0x3ffe8de0       0x22 ./build/libc.a(lib_a-nano-vfprintf_i.o)
 .rodata.str1.1
                0x3ffe8e02        0x5 ./build/libc.a(lib_a-nano-vfscanf_float.o)
 .rodata.str1.1
                0x3ffe8e07        0x5 ./build/libc.a(lib_a-puts.o)
                                  0x2 (size before relaxing)
 .rodata.str1.1
                0x3ffe8e07        0x5 ./build/libc.a(lib_a-strtod.o)
                                  0xc (size before relaxing)
 *fill*         0x3ffe8e07        0x1 
 .rodata        0x3ffe8e08       0x70 ./build/libc.a(lib_a-strtod.o)
 .rodata        0x3ffe8e78      0x101 ./build/libc.a(lib_a-ctype_.o)
                0x3ffe8e78                _ctype_
 .rodata.str1.1
                0x3ffe8f79        0xd ./build/libc.a(lib_a-dtoa.o)
                                  0xf (size before relaxing)
 *fill*         0x3ffe8f86        0x2 
 .rodata        0x3ffe8f88      0x128 ./build/libc.a(lib_a-mprec.o)
                0x3ffe8f98                __mprec_tinytens
                0x3ffe8fc0                __mprec_bigtens
                0x3ffe8fe8                __mprec_tens
 .rodata.str1.1
                0x3ffe90b0       0x11 ./build/libc.a(lib_a-nano-svfprintf.o)
 .rodata.str1.1
                0x3ffe90c1       0x11 ./build/libc.a(lib_a-nano-vfprintf.o)
 *freertos.a:*(.rodata.* .rodata)
 *fill*         0x3ffe90c1        0x3 
 .rodata.xTimerCreateTimerTask.str1.4
                0x3ffe90c4       0x48 ./build/freertos.a(timers.o)
 .rodata.prvTimerTask
                0x3ffe910c       0x28 ./build/freertos.a(timers.o)
 .rodata.prvTaskIsTaskSuspended.str1.4
                0x3ffe9134       0x3d ./build/freertos.a(tasks.o)
 *fill*         0x3ffe9171        0x3 
 .rodata.vTaskStartScheduler.str1.4
                0x3ffe9174        0x5 ./build/freertos.a(tasks.o)
 *fill*         0x3ffe9179        0x3 
 .rodata.xTaskGenericNotifyFromISR
                0x3ffe917c       0x14 ./build/freertos.a(tasks.o)
 .rodata.xQueueGenericReset.str1.4
                0x3ffe9190       0x3d ./build/freertos.a(queue.o)
 *fill*         0x3ffe91cd        0x3 
 .rodata.vAssertCalled.str1.4
                0x3ffe91d0       0x14 ./build/freertos.a(port.o)
 .rodata.xQueueGenericReceive.str1.4
                0x3ffe91e4       0x4d ./build/freertos.a(port.o)
 *libmain.a:spi_flash.o(.rodata.* .rodata)
 *libpp.a:wdev.o(.rodata.* .rodata)
 *fill*         0x3ffe9231        0x3 
 .rodata.str1.4
                0x3ffe9234       0x10 ./build/sdklib\libpp.a(wdev.o)
                                  0xf (size before relaxing)
                0x3ffe9244                _rodata_end = ABSOLUTE (.)

.bss            0x3ffe9248     0x8418
                0x3ffe9248                . = ALIGN (0x8)
                0x3ffe9248                _bss_start = ABSOLUTE (.)
 *(.dynsbss)
 *(.sbss)
 *(.sbss.*)
 *(.gnu.linkonce.sb.*)
 *(.scommon)
 *(.sbss2)
 *(.sbss2.*)
 *(.gnu.linkonce.sb2.*)
 *(.dynbss)
 *(.bss)
 *fill*         0x3ffe9248        0x8 
 .bss           0x3ffe9250      0x228 ./build/core.a(exception_vectors.o)
                0x3ffe9464                debug_saved_ctx
 .bss           0x3ffe9478        0xc ./build/libc.a(lib_a-arc4random.o)
                0x3ffe9478                __arc4random_mutex
 .bss           0x3ffe9484        0x4 ./build/libc.a(lib_a-__call_atexit.o)
                0x3ffe9484                __atexit_recursive_mutex
 .bss           0x3ffe9488        0x4 ./build/libc.a(lib_a-envlock.o)
                0x3ffe9488                __env_recursive_mutex
 .bss           0x3ffe948c        0x8 ./build/libc.a(lib_a-findfp.o)
                0x3ffe948c                __sinit_recursive_mutex
                0x3ffe9490                __sfp_recursive_mutex
 .bss           0x3ffe9494        0x4 ./build/libc.a(lib_a-mlock.o)
                0x3ffe9494                __malloc_recursive_mutex
 .bss           0x3ffe9498       0x28 ./build/libc.a(lib_a-nano-mallinfor.o)
                0x3ffe9498                __malloc_current_mallinfo
 .bss           0x3ffe94c0        0x8 ./build/libc.a(lib_a-nano-mallocr.o)
                0x3ffe94c0                __malloc_sbrk_start
                0x3ffe94c4                __malloc_free_list
 .bss           0x3ffe94c8        0x8 ./build/libc.a(lib_a-quick_exit.o)
                0x3ffe94c8                __at_quick_exit_mutex
 .bss           0x3ffe94d0        0x4 ./build/libc.a(lib_a-tzlock.o)
                0x3ffe94d0                __tz_mutex
 *fill*         0x3ffe94d4        0xc 
 .bss           0x3ffe94e0      0x131 ./build/sdklib\libmain.a(user_interface.o)
 *fill*         0x3ffe9611        0x3 
 .bss           0x3ffe9614      0x54c ./build/sdklib\libnet80211.a(ieee80211.o)
                0x3ffe9614                sdk_g_ic
                0x3ffe9b5c                sdk_xieee80211Queue
 .bss           0x3ffe9b60       0x28 ./build/sdklib\libnet80211.a(ieee80211_hostap.o)
                0x3ffe9b80                sdk_TmpSTAAPCloseAP
                0x3ffe9b81                sdk_PendFreeBcnEb
 .bss           0x3ffe9b88       0xe4 ./build/sdklib\libnet80211.a(ieee80211_scan.o)
                0x3ffe9b88                sdk_gScanStruct
                0x3ffe9c4c                sdk_auth_type
                0x3ffe9c4e                sdk_scannum
 .bss           0x3ffe9c6c       0x44 ./build/sdklib\libnet80211.a(wl_chm.o)
 .bss           0x3ffe9cb0      0x780 ./build/sdklib\libnet80211.a(wl_cnx.o)
                0x3ffea410                sdk_sta_con_timer
                0x3ffea42c                sdk_g_cnx_probe_rc_list_cb
 .bss           0x3ffea430        0x4 ./build/sdklib\libphy.a(phy.o)
 *fill*         0x3ffea434        0xc 
 .bss           0x3ffea440      0x38b ./build/sdklib\libphy.a(phy_chip_v6.o)
                0x3ffea440                sdk_rxiq_compute_num
                0x3ffea444                sdk_rxdc_init_flag
                0x3ffea448                sdk_check_result
                0x3ffea44c                sdk_chip6_sleep_params
                0x3ffea624                sdk_chip6_phy_init_ctrl
                0x3ffea692                sdk_phy_freq_offset
                0x3ffea694                sdk_do_pwctrl_flag
                0x3ffea695                sdk_pwctrl_debug
                0x3ffea696                sdk_txbk_dpdby_flag
                0x3ffea698                sdk_sw_scan_mode
                0x3ffea6ac                sdk_periodic_cal_dc_num
                0x3ffea6b0                sdk_periodic_cal_flag
                0x3ffea6b1                sdk_bbpll_cal_flag
                0x3ffea6b2                sdk_deep_sleep_en
                0x3ffea6b8                sdk_noise_array
                0x3ffea7c0                sdk_tx_pwctrl_atten_init
 *fill*         0x3ffea7cb        0x1 
 .bss           0x3ffea7cc        0x6 ./build/sdklib\libphy.a(phy_chip_v6_cal.o)
                0x3ffea7cc                sdk_loop_pwctrl_pwdet_error_accum_high_power
                0x3ffea7ce                sdk_tx_pwctrl_pk_num
                0x3ffea7cf                sdk_loop_pwctrl_correct_atten_high_power
                0x3ffea7d0                sdk_tx_pwctrl_set_chan_flag
                0x3ffea7d1                sdk_rxiq_cover_fail_num
 *fill*         0x3ffea7d2        0x2 
 .bss           0x3ffea7d4        0x4 ./build/sdklib\libphy.a(phy_sleep.o)
                0x3ffea7d4                sdk_periodic_cal_sat
                0x3ffea7d5                sdk_software_slp_reject
                0x3ffea7d6                sdk_SDIO_slp_reject
                0x3ffea7d7                sdk_hardware_reject
 *fill*         0x3ffea7d8        0x8 
 .bss           0x3ffea7e0     0x11e8 ./build/sdklib\libpp.a(esf_buf.o)
 *fill*         0x3ffeb9c8        0x8 
 .bss           0x3ffeb9d0       0x30 ./build/sdklib\libpp.a(if_hwctrl.o)
                0x3ffeb9d0                sdk_interface_mask
                0x3ffeb9e0                sdk_if_ctrl
 .bss           0x3ffeba00      0x150 ./build/sdklib\libpp.a(lmac.o)
                0x3ffeba04                sdk_lmacConfMib
 .bss           0x3ffebb50      0x149 ./build/sdklib\libpp.a(pm.o)
 *fill*         0x3ffebc99        0x7 
 .bss           0x3ffebca0      0x352 ./build/sdklib\libpp.a(pp.o)
                0x3ffebcc8                sdk_pend_flag_noise_check
                0x3ffebcd0                sdk_pend_flag_periodic_cal
                0x3ffebcf4                sdk_dbg_stop_sw_wdt
                0x3ffebcf5                sdk_dbg_stop_hw_wdt
 *fill*         0x3ffebff2        0xe 
 .bss           0x3ffec000      0x100 ./build/sdklib\libpp.a(rate_control.o)
 .bss           0x3ffec100      0x268 ./build/sdklib\libpp.a(trc.o)
 *fill*         0x3ffec368        0x8 
 .bss           0x3ffec370     0x4721 ./build/sdklib\libpp.a(wdev.o)
                0x3ffec370                sdk_wDevCtrl
                0x3ffec514                sdk_NMIIrqIsOn
                0x3ffec518                sdk_WdevTimOffSet
 *fill*         0x3fff0a91        0xf 
 .bss           0x3fff0aa0      0x27a ./build/sdklib\libwpa.a(wpa.o)
 *fill*         0x3fff0d1a        0x6 
 .bss           0x3fff0d20       0xb0 ./build/sdklib\libwpa.a(aes-internal-dec.o)
 .bss           0x3fff0dd0        0x8 ./build/sdklib\libnet80211.a(ieee80211_crypto_tkip.o)
 *(.bss.*)
 .bss.armed_timer_count
                0x3fff0dd8        0x1 ./build/open_esplibs_libmain.a(timers.o)
 *fill*         0x3fff0dd9        0x3 
 .bss.timer_list
                0x3fff0ddc        0x4 ./build/open_esplibs_libmain.a(timers.o)
 .bss.task_handle
                0x3fff0de0        0x4 ./build/open_esplibs_libmain.a(ets_timer.o)
 .bss.timer_list
                0x3fff0de4        0x4 ./build/open_esplibs_libmain.a(ets_timer.o)
 .bss.hostap_timer_parg
                0x3fff0de8        0x4 ./build/open_esplibs_libnet80211.a(ieee80211_hostap.o)
 .bss.hostap_timer
                0x3fff0dec       0x1c ./build/open_esplibs_libnet80211.a(ieee80211_hostap.o)
 .bss.hostap_flags
                0x3fff0e08        0x1 ./build/open_esplibs_libnet80211.a(ieee80211_hostap.o)
 *fill*         0x3fff0e09        0x3 
 .bss.xLastTime$3652
                0x3fff0e0c        0x4 ./build/freertos.a(timers.o)
 .bss.xTimerTaskHandle
                0x3fff0e10        0x4 ./build/freertos.a(timers.o)
 .bss.xTimerQueue
                0x3fff0e14        0x4 ./build/freertos.a(timers.o)
 .bss.pxOverflowTimerList
                0x3fff0e18        0x4 ./build/freertos.a(timers.o)
 .bss.pxCurrentTimerList
                0x3fff0e1c        0x4 ./build/freertos.a(timers.o)
 .bss.xActiveTimerList2
                0x3fff0e20       0x14 ./build/freertos.a(timers.o)
 .bss.xActiveTimerList1
                0x3fff0e34       0x14 ./build/freertos.a(timers.o)
 .bss.uxSchedulerSuspended
                0x3fff0e48        0x4 ./build/freertos.a(tasks.o)
 .bss.xIdleTaskHandle
                0x3fff0e4c        0x4 ./build/freertos.a(tasks.o)
 .bss.xNextTaskUnblockTime
                0x3fff0e50        0x4 ./build/freertos.a(tasks.o)
 .bss.uxTaskNumber
                0x3fff0e54        0x4 ./build/freertos.a(tasks.o)
 .bss.xNumOfOverflows
                0x3fff0e58        0x4 ./build/freertos.a(tasks.o)
 .bss.xYieldPending
                0x3fff0e5c        0x4 ./build/freertos.a(tasks.o)
 .bss.uxPendedTicks
                0x3fff0e60        0x4 ./build/freertos.a(tasks.o)
 .bss.xSchedulerRunning
                0x3fff0e64        0x4 ./build/freertos.a(tasks.o)
 .bss.uxTopReadyPriority
                0x3fff0e68        0x4 ./build/freertos.a(tasks.o)
 .bss.xTickCount
                0x3fff0e6c        0x4 ./build/freertos.a(tasks.o)
 .bss.uxCurrentNumberOfTasks
                0x3fff0e70        0x4 ./build/freertos.a(tasks.o)
 .bss.xSuspendedTaskList
                0x3fff0e74       0x14 ./build/freertos.a(tasks.o)
 .bss.uxDeletedTasksWaitingCleanUp
                0x3fff0e88        0x4 ./build/freertos.a(tasks.o)
 .bss.xTasksWaitingTermination
                0x3fff0e8c       0x14 ./build/freertos.a(tasks.o)
 .bss.xPendingReadyList
                0x3fff0ea0       0x14 ./build/freertos.a(tasks.o)
 .bss.pxOverflowDelayedTaskList
                0x3fff0eb4        0x4 ./build/freertos.a(tasks.o)
 .bss.pxDelayedTaskList
                0x3fff0eb8        0x4 ./build/freertos.a(tasks.o)
 .bss.xDelayedTaskList2
                0x3fff0ebc       0x14 ./build/freertos.a(tasks.o)
 .bss.xDelayedTaskList1
                0x3fff0ed0       0x14 ./build/freertos.a(tasks.o)
 .bss.pxReadyTasksLists
                0x3fff0ee4      0x12c ./build/freertos.a(tasks.o)
 .bss.pxCurrentTCB
                0x3fff1010        0x4 ./build/freertos.a(tasks.o)
                0x3fff1010                pxCurrentTCB
 .bss.uxCriticalNesting
                0x3fff1014        0x4 ./build/freertos.a(port.o)
 .bss.pending_maclayer_sv
                0x3fff1018        0x4 ./build/freertos.a(port.o)
 .bss.pending_soft_sv
                0x3fff101c        0x4 ./build/freertos.a(port.o)
 .bss.critical_nesting
                0x3fff1020        0x4 ./build/lwip.a(sys_arch.o)
 .bss.tcpip_mbox
                0x3fff1024        0x4 ./build/lwip.a(tcpip.o)
 .bss.tcpip_init_done_arg
                0x3fff1028        0x4 ./build/lwip.a(tcpip.o)
 .bss.tcpip_init_done
                0x3fff102c        0x4 ./build/lwip.a(tcpip.o)
 .bss.netif_num
                0x3fff1030        0x1 ./build/lwip.a(netif.o)
 *fill*         0x3fff1031        0x3 
 .bss.tcpip_tcp_timer_active
                0x3fff1034        0x4 ./build/lwip.a(timeouts.o)
 .bss.current_timeout_due_time
                0x3fff1038        0x4 ./build/lwip.a(timeouts.o)
 .bss.next_timeout
                0x3fff103c        0x4 ./build/lwip.a(timeouts.o)
 .bss.tcp_timer_ctr
                0x3fff1040        0x1 ./build/lwip.a(tcp.o)
 .bss.tcp_timer
                0x3fff1041        0x1 ./build/lwip.a(tcp.o)
 *fill*         0x3fff1042        0x2 
 .bss.ip4_default_multicast_netif
                0x3fff1044        0x4 ./build/lwip.a(ip4.o)
 .bss.ip_id     0x3fff1048        0x2 ./build/lwip.a(ip4.o)
 *fill*         0x3fff104a        0x2 
 .bss.allrouters
                0x3fff104c        0x4 ./build/lwip.a(igmp.o)
 .bss.allsystems
                0x3fff1050        0x4 ./build/lwip.a(igmp.o)
 .bss.etharp_cached_entry
                0x3fff1054        0x1 ./build/lwip.a(etharp.o)
 *fill*         0x3fff1055        0x3 
 .bss.arp_table
                0x3fff1058       0xf0 ./build/lwip.a(etharp.o)
 .bss.xid$4687  0x3fff1148        0x4 ./build/lwip.a(dhcp.o)
 .bss.dhcp_pcb_refcount
                0x3fff114c        0x1 ./build/lwip.a(dhcp.o)
 *fill*         0x3fff114d        0x3 
 .bss.dhcp_pcb  0x3fff1150        0x4 ./build/lwip.a(dhcp.o)
 .bss.ip_reass_pbufcount
                0x3fff1154        0x2 ./build/lwip.a(ip4_frag.o)
 *fill*         0x3fff1156        0x2 
 .bss.reassdatagrams
                0x3fff1158        0x4 ./build/lwip.a(ip4_frag.o)
 .bss.recv_data
                0x3fff115c        0x4 ./build/lwip.a(tcp_in.o)
 .bss.recv_flags
                0x3fff1160        0x1 ./build/lwip.a(tcp_in.o)
 .bss.flags     0x3fff1161        0x1 ./build/lwip.a(tcp_in.o)
 .bss.tcplen    0x3fff1162        0x2 ./build/lwip.a(tcp_in.o)
 .bss.recv_acked
                0x3fff1164        0x2 ./build/lwip.a(tcp_in.o)
 *fill*         0x3fff1166        0x2 
 .bss.ackno     0x3fff1168        0x4 ./build/lwip.a(tcp_in.o)
 .bss.seqno     0x3fff116c        0x4 ./build/lwip.a(tcp_in.o)
 .bss.tcp_optidx
                0x3fff1170        0x2 ./build/lwip.a(tcp_in.o)
 *fill*         0x3fff1172        0x2 
 .bss.tcphdr_opt2
                0x3fff1174        0x4 ./build/lwip.a(tcp_in.o)
 .bss.tcphdr_opt1len
                0x3fff1178        0x2 ./build/lwip.a(tcp_in.o)
 .bss.tcphdr_optlen
                0x3fff117a        0x2 ./build/lwip.a(tcp_in.o)
 .bss.tcphdr    0x3fff117c        0x4 ./build/lwip.a(tcp_in.o)
 .bss.inseg     0x3fff1180       0x10 ./build/lwip.a(tcp_in.o)
 .bss.dns_servers
                0x3fff1190        0x8 ./build/lwip.a(dns.o)
 .bss.dns_requests
                0x3fff1198        0xc ./build/lwip.a(dns.o)
 .bss.dns_table
                0x3fff11a4       0x94 ./build/lwip.a(dns.o)
 .bss.dns_pcbs  0x3fff1238        0x4 ./build/lwip.a(dns.o)
 .bss.user_exception_handler
                0x3fff123c        0x4 ./build/core.a(debug_dumps.o)
 .bss.heap_end$5401
                0x3fff1240        0x4 ./build/core.a(newlib_syscalls.o)
 .bss.locks_initialized
                0x3fff1244        0x4 ./build/core.a(newlib_syscalls.o)
 .bss._sysparam_info
                0x3fff1248       0x18 ./build/core.a(sysparam.o)
 .bss.sockets   0x3fff1260       0xc0 ./build/lwip.a(sockets.o)
 *(.gnu.linkonce.b.*)
 *(COMMON)
 COMMON         0x3fff1320        0x4 ./build/open_esplibs_libmain.a(misc.o)
                0x3fff1320                sdk__putc1
 COMMON         0x3fff1324       0x28 ./build/open_esplibs_libmain.a(user_interface.o)
                0x3fff1324                sdk_cpu_overclock
                0x3fff1328                sdk_rst_if
                0x3fff1348                sdk_promiscuous_cb
 COMMON         0x3fff134c        0xc ./build/freertos.a(port.o)
                0x3fff134c                level1_int_disabled
                0x3fff1350                cpu_sr
                0x3fff1354                xPortSupervisorStackPointer
 COMMON         0x3fff1358        0x4 ./build/lwip.a(esp_interface.o)
                0x3fff1358                pp_rx_pool_usage
 COMMON         0x3fff135c        0xc ./build/lwip.a(sys_arch.o)
                0x3fff135c                lwip_tcpip_thread
                0x3fff1360                lwip_core_lock_count
                0x3fff1364                lwip_core_lock_holder_thread
 COMMON         0x3fff1368        0x4 ./build/lwip.a(tcpip.o)
                0x3fff1368                lock_tcpip_core
 COMMON         0x3fff136c        0x8 ./build/lwip.a(netif.o)
                0x3fff136c                netif_list
                0x3fff1370                netif_default
 COMMON         0x3fff1374        0x1 ./build/lwip.a(pbuf.o)
                0x3fff1374                pbuf_free_ooseq_pending
 *fill*         0x3fff1375        0x3 
 COMMON         0x3fff1378       0x18 ./build/lwip.a(tcp.o)
                0x3fff1378                tcp_active_pcbs_changed
                0x3fff137c                tcp_active_pcbs
                0x3fff1380                tcp_ticks
                0x3fff1384                tcp_listen_pcbs
                0x3fff1388                tcp_bound_pcbs
                0x3fff138c                tcp_tw_pcbs
 COMMON         0x3fff1390       0x34 ./build/lwip.a(dhcp.o)
                0x3fff1390                dhcp_rx_options_given
                0x3fff139c                dhcp_rx_options_val
 COMMON         0x3fff13c4        0x4 ./build/lwip.a(udp.o)
                0x3fff13c4                udp_pcbs
 COMMON         0x3fff13c8        0x4 ./build/lwip.a(tcp_in.o)
                0x3fff13c8                tcp_input_pcb
 COMMON         0x3fff13cc       0x18 ./build/lwip.a(ip.o)
                0x3fff13cc                ip_data
 COMMON         0x3fff13e4       0x2d ./build/core.a(app_main.o)
                0x3fff13e4                sdk_info
                0x3fff1408                sdk_xWatchDogTaskHandle
                0x3fff140c                sdk_xUserTaskHandle
                0x3fff1410                sdk_user_init_flag
 *fill*         0x3fff1411        0x3 
 COMMON         0x3fff1414       0x81 ./build/core.a(esp_interrupts.o)
                0x3fff1414                isr
                0x3fff1494                esp_in_isr
 *fill*         0x3fff1495        0x3 
 COMMON         0x3fff1498      0x138 ./build/libc.a(lib_a-findfp.o)
                0x3fff1498                __sf
 COMMON         0x3fff15d0       0x90 ./build/lwip.a(sockets.o)
                0x3fff15d0                socket_ipv4_multicast_memberships
                0x3fff1660                . = ALIGN (0x8)
                0x3fff1660                _bss_end = ABSOLUTE (.)
                0x3fff1660                _heap_start = ABSOLUTE (.)

.irom0.text     0x40202010    0x36dbc
                0x40202010                _irom0_text_start = ABSOLUTE (.)
 *(.literal .text .literal.* .text.* .rodata .rodata.*)
 .text.timer_tramp
                0x40202010       0x17 ./build/open_esplibs_libmain.a(timers.o)
                                 0x1f (size before relaxing)
 *fill*         0x40202027        0x1 
 .text.sdk_os_timer_setfn
                0x40202028       0xac ./build/open_esplibs_libmain.a(timers.o)
                                 0xbc (size before relaxing)
                0x40202038                sdk_os_timer_setfn
 .text.sdk_os_timer_arm
                0x402020d4       0xac ./build/open_esplibs_libmain.a(timers.o)
                                 0xd4 (size before relaxing)
                0x402020e0                sdk_os_timer_arm
 .text.sdk_os_timer_disarm
                0x40202180       0x27 ./build/open_esplibs_libmain.a(timers.o)
                                 0x37 (size before relaxing)
                0x40202184                sdk_os_timer_disarm
 *fill*         0x402021a7        0x1 
 .text.sdk_os_update_cpu_frequency
                0x402021a8        0xb ./build/open_esplibs_libmain.a(misc.o)
                0x402021ac                sdk_ets_update_cpu_frequency
                0x402021ac                sdk_os_update_cpu_frequency
 *fill*         0x402021b3        0x1 
 .text.sdk_os_delay_us
                0x402021b4       0x19 ./build/open_esplibs_libmain.a(misc.o)
                                 0x1d (size before relaxing)
                0x402021b4                sdk_ets_delay_us
                0x402021b4                sdk_os_delay_us
 *fill*         0x402021cd        0x3 
 .text.sdk_os_install_putc1
                0x402021d0        0xb ./build/open_esplibs_libmain.a(misc.o)
                0x402021d4                sdk_os_install_putc1
 *fill*         0x402021db        0x1 
 .text.sdk_gpio_output_set
                0x402021dc       0x1d ./build/open_esplibs_libmain.a(misc.o)
                0x402021e0                sdk_gpio_output_set
 *fill*         0x402021f9        0x3 
 .text.sdk_rtc_get_reset_reason
                0x402021fc       0x4a ./build/open_esplibs_libmain.a(misc.o)
                0x40202204                sdk_rtc_get_reset_reason
 *fill*         0x40202246        0x2 
 .text.add_pending_timer
                0x40202248       0x9b ./build/open_esplibs_libmain.a(ets_timer.o)
 *fill*         0x402022e3        0x1 
 .text.timer_task
                0x402022e4       0xcd ./build/open_esplibs_libmain.a(ets_timer.o)
                                 0xe5 (size before relaxing)
 *fill*         0x402023b1        0x3 
 .text.sdk_ets_timer_arm_ms_us
                0x402023b4       0x6e ./build/open_esplibs_libmain.a(ets_timer.o)
                                 0x82 (size before relaxing)
                0x402023bc                sdk_ets_timer_arm_ms_us
 *fill*         0x40202422        0x2 
 .text.sdk_ets_timer_arm
                0x40202424       0x17 ./build/open_esplibs_libmain.a(ets_timer.o)
                                 0x1b (size before relaxing)
                0x40202424                sdk_ets_timer_arm
 *fill*         0x4020243b        0x1 
 .text.sdk_ets_timer_disarm
                0x4020243c       0x51 ./build/open_esplibs_libmain.a(ets_timer.o)
                                 0x5d (size before relaxing)
                0x4020243c                sdk_ets_timer_disarm
 *fill*         0x4020248d        0x3 
 .text.sdk_ets_timer_init
                0x40202490       0xa8 ./build/open_esplibs_libmain.a(ets_timer.o)
                                 0xb8 (size before relaxing)
                0x402024ac                sdk_ets_timer_init
 .text.wifi_save_protect
                0x40202538       0x9b ./build/open_esplibs_libmain.a(user_interface.o)
                                 0x9f (size before relaxing)
 *fill*         0x402025d3        0x1 
 .text.sdk_system_pp_recycle_rx_pkt
                0x402025d4        0xf ./build/open_esplibs_libmain.a(user_interface.o)
                                 0x17 (size before relaxing)
                0x402025d4                sdk_system_pp_recycle_rx_pkt
 *fill*         0x402025e3        0x1 
 .text.sdk_system_restart
                0x402025e4       0x53 ./build/open_esplibs_libmain.a(user_interface.o)
                                 0x7b (size before relaxing)
                0x402025f0                sdk_system_restart
 *fill*         0x40202637        0x1 
 .text.sdk_system_get_boot_version
                0x40202638       0x12 ./build/open_esplibs_libmain.a(user_interface.o)
                0x4020263c                sdk_system_get_boot_version
 *fill*         0x4020264a        0x2 
 .text.sdk_system_get_test_result
                0x4020264c       0x36 ./build/open_esplibs_libmain.a(user_interface.o)
                                 0x3e (size before relaxing)
                0x40202650                sdk_system_get_test_result
 *fill*         0x40202682        0x2 
 .text.sdk_system_upgrade_userbin_check
                0x40202684       0x4a ./build/open_esplibs_libmain.a(user_interface.o)
                                 0x4e (size before relaxing)
                0x40202684                sdk_system_upgrade_userbin_check
 *fill*         0x402026ce        0x2 
 .text.sdk_system_get_userbin_addr
                0x402026d0       0x8e ./build/open_esplibs_libmain.a(user_interface.o)
                                 0x9a (size before relaxing)
                0x402026dc                sdk_system_get_userbin_addr
 *fill*         0x4020275e        0x2 
 .text.sdk_system_update_cpu_freq
                0x40202760       0x5d ./build/open_esplibs_libmain.a(user_interface.o)
                                 0x69 (size before relaxing)
                0x40202760                sdk_system_update_cpu_freq
 *fill*         0x402027bd        0x3 
 .text.sdk_system_get_cpu_freq
                0x402027c0       0x1a ./build/open_esplibs_libmain.a(user_interface.o)
                0x402027c4                sdk_system_get_cpu_freq
 *fill*         0x402027da        0x2 
 .text.sdk_system_overclock
                0x402027dc       0x31 ./build/open_esplibs_libmain.a(user_interface.o)
                                 0x3d (size before relaxing)
                0x402027e0                sdk_system_overclock
 *fill*         0x4020280d        0x3 
 .text.sdk_system_restoreclock
                0x40202810       0x38 ./build/open_esplibs_libmain.a(user_interface.o)
                                 0x44 (size before relaxing)
                0x40202810                sdk_system_restoreclock
 .text.sdk_system_station_got_ip_set
                0x40202848       0x95 ./build/open_esplibs_libmain.a(user_interface.o)
                                 0xb1 (size before relaxing)
                0x40202850                sdk_system_station_got_ip_set
 *fill*         0x402028dd        0x3 
 .text.sdk_wifi_param_save_protect
                0x402028e0       0xa8 ./build/open_esplibs_libmain.a(user_interface.o)
                                 0xc4 (size before relaxing)
                0x402028e8                sdk_wifi_param_save_protect
 .text.sdk_wifi_get_macaddr
                0x40202988       0x83 ./build/open_esplibs_libmain.a(user_interface.o)
                                 0x8f (size before relaxing)
                0x40202990                sdk_wifi_get_macaddr
 *fill*         0x40202a0b        0x1 
 .text.sdk_sta_status_set
                0x40202a0c       0x3f ./build/open_esplibs_libnet80211.a(ieee80211_sta.o)
                                 0x43 (size before relaxing)
                0x40202a0c                sdk_sta_status_set
 *fill*         0x40202a4b        0x1 
 .text.sdk_wifi_station_start
                0x40202a4c       0xad ./build/open_esplibs_libnet80211.a(ieee80211_sta.o)
                                 0xdd (size before relaxing)
                0x40202a64                sdk_wifi_station_start
 *fill*         0x40202af9        0x3 
 .text.sdk_wifi_station_stop
                0x40202afc       0x47 ./build/open_esplibs_libnet80211.a(ieee80211_sta.o)
                                 0x57 (size before relaxing)
                0x40202afc                sdk_wifi_station_stop
 *fill*         0x40202b43        0x1 
 .text.dhcp_if_down
                0x40202b44       0x23 ./build/open_esplibs_libnet80211.a(wl_cnx.o)
                                 0x3f (size before relaxing)
                0x40202b44                dhcp_if_down
 *fill*         0x40202b67        0x1 
 .text.sdk_cnx_rc_search
                0x40202b68       0x55 ./build/open_esplibs_libnet80211.a(wl_cnx.o)
                                 0x5d (size before relaxing)
                0x40202b68                sdk_cnx_rc_search
 *fill*         0x40202bbd        0x3 
 .text.sdk_cnx_add_rc
                0x40202bc0       0x99 ./build/open_esplibs_libnet80211.a(wl_cnx.o)
                                 0x9d (size before relaxing)
                0x40202bc0                sdk_cnx_add_rc
 *fill*         0x40202c59        0x3 
 .text.sdk_cnx_remove_rc
                0x40202c5c       0x9c ./build/open_esplibs_libnet80211.a(wl_cnx.o)
                                 0xa0 (size before relaxing)
                0x40202c60                sdk_cnx_remove_rc
 .text.sdk_cnx_node_remove
                0x40202cf8       0x80 ./build/open_esplibs_libnet80211.a(wl_cnx.o)
                                 0x9c (size before relaxing)
                0x40202cf8                sdk_cnx_node_remove
 .text.sdk_cnx_node_search
                0x40202d78       0x5f ./build/open_esplibs_libnet80211.a(wl_cnx.o)
                                 0x67 (size before relaxing)
                0x40202d78                sdk_cnx_node_search
 *fill*         0x40202dd7        0x1 
 .text.sdk_ieee80211_hostap_attach
                0x40202dd8      0x18d ./build/open_esplibs_libnet80211.a(ieee80211_hostap.o)
                                0x1f1 (size before relaxing)
                0x40202df8                sdk_ieee80211_hostap_attach
 *fill*         0x40202f65        0x3 
 .text.sdk_wifi_softap_start
                0x40202f68      0x154 ./build/open_esplibs_libnet80211.a(ieee80211_hostap.o)
                                0x1bc (size before relaxing)
                0x40202f80                sdk_wifi_softap_start
 .text.sdk_wifi_softap_stop
                0x402030bc      0x147 ./build/open_esplibs_libnet80211.a(ieee80211_hostap.o)
                                0x1c3 (size before relaxing)
                0x402030c0                sdk_wifi_softap_stop
 *fill*         0x40203203        0x1 
 .text._ppz20   0x40203204        0x9 ./build/open_esplibs_libpp.a(pp.o)
                0x40203208                _ppz20
 *fill*         0x4020320d        0x3 
 .text.sdk_wpa_config_assoc_ie
                0x40203210       0x17 ./build/open_esplibs_libwpa.a(wpa_main.o)
                                 0x1b (size before relaxing)
                0x40203210                sdk_wpa_config_assoc_ie
 *fill*         0x40203227        0x1 
 .text.sdk_dhcp_bind_check
                0x40203228       0x22 ./build/open_esplibs_libwpa.a(wpa_main.o)
                                 0x26 (size before relaxing)
                0x40203228                sdk_dhcp_bind_check
 *fill*         0x4020324a        0x2 
 .text.wpa_callback2
                0x4020324c       0x33 ./build/open_esplibs_libwpa.a(wpa_main.o)
                                 0x47 (size before relaxing)
 *fill*         0x4020327f        0x1 
 .text.wpa_callback1
                0x40203280       0x1b ./build/open_esplibs_libwpa.a(wpa_main.o)
                                 0x23 (size before relaxing)
 *fill*         0x4020329b        0x1 
 .text.sdk_wpa_config_profile
                0x4020329c       0x49 ./build/open_esplibs_libwpa.a(wpa_main.o)
                                 0x58 (size before relaxing)
                0x4020329c                sdk_wpa_config_profile
 *fill*         0x402032e5        0x3 
 .text.sdk_wpa_config_bss
                0x402032e8       0x30 ./build/open_esplibs_libwpa.a(wpa_main.o)
                                 0x34 (size before relaxing)
                0x402032e8                sdk_wpa_config_bss
 .text.sdk_eagle_auth_done
                0x40203318      0x107 ./build/open_esplibs_libwpa.a(wpa_main.o)
                                0x18f (size before relaxing)
                0x4020333c                sdk_eagle_auth_done
 *fill*         0x4020341f        0x1 
 .text.sdk_wpa_neg_complete
                0x40203420        0xf ./build/open_esplibs_libwpa.a(wpa_main.o)
                                 0x17 (size before relaxing)
                0x40203420                sdk_wpa_neg_complete
 *fill*         0x4020342f        0x1 
 .text.sdk_wpa_attach
                0x40203430       0x4f ./build/open_esplibs_libwpa.a(wpa_main.o)
                                 0x5f (size before relaxing)
                0x40203448                sdk_wpa_attach
 *fill*         0x4020347f        0x1 
 .text.prvCheckForValidListAndQueue
                0x40203480       0x69 ./build/freertos.a(timers.o)
                                 0x89 (size before relaxing)
 *fill*         0x402034e9        0x3 
 .text.prvInsertTimerInActiveList
                0x402034ec       0x45 ./build/freertos.a(timers.o)
                                 0x59 (size before relaxing)
 *fill*         0x40203531        0x3 
 .text.xTimerCreateTimerTask
                0x40203534       0x4e ./build/freertos.a(timers.o)
                                 0x66 (size before relaxing)
                0x40203544                xTimerCreateTimerTask
 *fill*         0x40203582        0x2 
 .text.xTimerCreate
                0x40203584       0x69 ./build/freertos.a(timers.o)
                                 0x85 (size before relaxing)
                0x40203584                xTimerCreate
 *fill*         0x402035ed        0x3 
 .text.xTimerGenericCommand
                0x402035f0       0x91 ./build/freertos.a(timers.o)
                                 0xb5 (size before relaxing)
                0x402035f0                xTimerGenericCommand
 *fill*         0x40203681        0x3 
 .text.prvSwitchTimerLists
                0x40203684       0x84 ./build/freertos.a(timers.o)
                                 0xaa (size before relaxing)
 *fill*         0x40203708        0x0 
 .text.prvTimerTask
                0x40203708      0x1f9 ./build/freertos.a(timers.o)
                                0x29d (size before relaxing)
 *fill*         0x40203901        0x3 
 .text.pvTimerGetTimerID
                0x40203904       0x2d ./build/freertos.a(timers.o)
                                 0x41 (size before relaxing)
                0x40203904                pvTimerGetTimerID
 *fill*         0x40203931        0x3 
 .text.prvResetNextTaskUnblockTime$part$0
                0x40203934       0x20 ./build/freertos.a(tasks.o)
 .text.prvAddCurrentTaskToDelayedList
                0x40203954       0xa4 ./build/freertos.a(tasks.o)
                                 0xc4 (size before relaxing)
 .text.vTaskSwitchContext$part$4
                0x402039f8       0xed ./build/freertos.a(tasks.o)
                                 0xf8 (size before relaxing)
 *fill*         0x40203ae5        0x3 
 .text.prvIdleTask
                0x40203ae8       0x87 ./build/freertos.a(tasks.o)
                                 0xaf (size before relaxing)
 *fill*         0x40203b6f        0x1 
 .text.xTaskCreate
                0x40203b70      0x22b ./build/freertos.a(tasks.o)
                                0x2af (size before relaxing)
                0x40203b94                xTaskCreate
 *fill*         0x40203d9b        0x1 
 .text.vTaskDelete
                0x40203d9c       0xed ./build/freertos.a(tasks.o)
                                0x145 (size before relaxing)
                0x40203da0                vTaskDelete
 *fill*         0x40203e89        0x3 
 .text.vTaskStartScheduler
                0x40203e8c       0xa4 ./build/freertos.a(tasks.o)
                                 0xdb (size before relaxing)
                0x40203ea4                vTaskStartScheduler
 *fill*         0x40203f30        0x0 
 .text.vTaskSuspendAll
                0x40203f30       0x11 ./build/freertos.a(tasks.o)
                                 0x15 (size before relaxing)
                0x40203f30                vTaskSuspendAll
 *fill*         0x40203f41        0x3 
 .text.xTaskGetTickCount
                0x40203f44       0x27 ./build/freertos.a(tasks.o)
                                 0x33 (size before relaxing)
                0x40203f44                xTaskGetTickCount
 *fill*         0x40203f6b        0x1 
 .text.xTaskIncrementTick
                0x40203f6c      0x1aa ./build/freertos.a(tasks.o)
                                0x1ee (size before relaxing)
                0x40203f78                xTaskIncrementTick
 *fill*         0x40204116        0x2 
 .text.xTaskResumeAll
                0x40204118      0x12d ./build/freertos.a(tasks.o)
                                0x18d (size before relaxing)
                0x4020411c                xTaskResumeAll
 *fill*         0x40204245        0x3 
 .text.vTaskDelay
                0x40204248       0x50 ./build/freertos.a(tasks.o)
                                 0x74 (size before relaxing)
                0x40204248                vTaskDelay
 .text.vTaskSwitchContext
                0x40204298       0x26 ./build/freertos.a(tasks.o)
                                 0x35 (size before relaxing)
                0x40204298                vTaskSwitchContext
 *fill*         0x402042be        0x2 
 .text.vTaskPlaceOnEventList
                0x402042c0       0x41 ./build/freertos.a(tasks.o)
                                 0x5d (size before relaxing)
                0x402042c4                vTaskPlaceOnEventList
 *fill*         0x40204301        0x3 
 .text.vTaskPlaceOnEventListRestricted
                0x40204304       0x4a ./build/freertos.a(tasks.o)
                                 0x66 (size before relaxing)
                0x40204308                vTaskPlaceOnEventListRestricted
 *fill*         0x4020434e        0x2 
 .text.xTaskRemoveFromEventList
                0x40204350       0x8f ./build/freertos.a(tasks.o)
                                 0xcf (size before relaxing)
                0x40204354                xTaskRemoveFromEventList
 *fill*         0x402043df        0x1 
 .text.vTaskInternalSetTimeOutState
                0x402043e0       0x16 ./build/freertos.a(tasks.o)
                                 0x1e (size before relaxing)
                0x402043e0                vTaskInternalSetTimeOutState
 *fill*         0x402043f6        0x2 
 .text.xTaskCheckForTimeOut
                0x402043f8       0x99 ./build/freertos.a(tasks.o)
                                 0xb5 (size before relaxing)
                0x40204400                xTaskCheckForTimeOut
 *fill*         0x40204491        0x3 
 .text.vTaskMissedYield
                0x40204494        0xc ./build/freertos.a(tasks.o)
                                 0x10 (size before relaxing)
                0x40204494                vTaskMissedYield
 .text.uxTaskGetStackHighWaterMark
                0x402044a0       0x2c ./build/freertos.a(tasks.o)
                                 0x30 (size before relaxing)
                0x402044a0                uxTaskGetStackHighWaterMark
 .text.xTaskGetCurrentTaskHandle
                0x402044cc        0xa ./build/freertos.a(tasks.o)
                                  0xe (size before relaxing)
                0x402044cc                xTaskGetCurrentTaskHandle
 *fill*         0x402044d6        0x2 
 .text.xTaskGetSchedulerState
                0x402044d8       0x1f ./build/freertos.a(tasks.o)
                                 0x27 (size before relaxing)
                0x402044d8                xTaskGetSchedulerState
 *fill*         0x402044f7        0x1 
 .text.xTaskPriorityInherit
                0x402044f8       0xb7 ./build/freertos.a(tasks.o)
                                 0xcf (size before relaxing)
                0x402044f8                xTaskPriorityInherit
 *fill*         0x402045af        0x1 
 .text.xTaskPriorityDisinherit
                0x402045b0       0x96 ./build/freertos.a(tasks.o)
                                 0xc2 (size before relaxing)
                0x402045b8                xTaskPriorityDisinherit
 *fill*         0x40204646        0x2 
 .text.vTaskPriorityDisinheritAfterTimeout
                0x40204648       0xab ./build/freertos.a(tasks.o)
                                 0xd7 (size before relaxing)
                0x40204650                vTaskPriorityDisinheritAfterTimeout
 *fill*         0x402046f3        0x1 
 .text.pvTaskIncrementMutexHeldCount
                0x402046f4       0x1f ./build/freertos.a(tasks.o)
                                 0x23 (size before relaxing)
                0x402046f4                pvTaskIncrementMutexHeldCount
 *fill*         0x40204713        0x1 
 .text.xTaskNotifyWait
                0x40204714       0xe3 ./build/freertos.a(tasks.o)
                                0x103 (size before relaxing)
                0x40204714                xTaskNotifyWait
 *fill*         0x402047f7        0x1 
 .text.xTaskGenericNotifyFromISR
                0x402047f8      0x157 ./build/freertos.a(tasks.o)
                                0x19f (size before relaxing)
                0x4020480c                xTaskGenericNotifyFromISR
 *fill*         0x4020494f        0x1 
 .text.prvCopyDataToQueue
                0x40204950       0x9b ./build/freertos.a(queue.o)
                                 0xa7 (size before relaxing)
 *fill*         0x402049eb        0x1 
 .text.prvCopyDataFromQueue
                0x402049ec       0x2b ./build/freertos.a(queue.o)
                                 0x2f (size before relaxing)
 *fill*         0x40204a17        0x1 
 .text.prvUnlockQueue
                0x40204a18       0xd6 ./build/freertos.a(queue.o)
                                 0xfe (size before relaxing)
 *fill*         0x40204aee        0x2 
 .text.xQueueGenericReset
                0x40204af0       0x8d ./build/freertos.a(queue.o)
                                 0xb5 (size before relaxing)
                0x40204af4                xQueueGenericReset
 *fill*         0x40204b7d        0x3 
 .text.xQueueGenericCreate
                0x40204b80       0x74 ./build/freertos.a(queue.o)
                                 0x88 (size before relaxing)
                0x40204b80                xQueueGenericCreate
 .text.xQueueGenericSend
                0x40204bf4      0x17f ./build/freertos.a(queue.o)
                                0x21b (size before relaxing)
                0x40204bf4                xQueueGenericSend
 *fill*         0x40204d73        0x1 
 .text.xQueueCreateMutex
                0x40204d74       0x31 ./build/freertos.a(queue.o)
                                 0x3d (size before relaxing)
                0x40204d74                xQueueCreateMutex
 *fill*         0x40204da5        0x3 
 .text.xQueueGiveMutexRecursive
                0x40204da8       0x4b ./build/freertos.a(queue.o)
                                 0x5f (size before relaxing)
                0x40204da8                xQueueGiveMutexRecursive
 *fill*         0x40204df3        0x1 
 .text.xQueueGenericSendFromISR
                0x40204df4       0xec ./build/freertos.a(queue.o)
                                0x114 (size before relaxing)
                0x40204df4                xQueueGenericSendFromISR
 .text.xQueueReceive
                0x40204ee0      0x18e ./build/freertos.a(queue.o)
                                0x232 (size before relaxing)
                0x40204ee0                xQueueReceive
 *fill*         0x4020506e        0x2 
 .text.xQueueSemaphoreTake
                0x40205070      0x1c7 ./build/freertos.a(queue.o)
                                0x27f (size before relaxing)
                0x40205070                xQueueSemaphoreTake
 *fill*         0x40205237        0x1 
 .text.xQueueTakeMutexRecursive
                0x40205238       0x53 ./build/freertos.a(queue.o)
                                 0x63 (size before relaxing)
                0x40205238                xQueueTakeMutexRecursive
 *fill*         0x4020528b        0x1 
 .text.uxQueueMessagesWaiting
                0x4020528c       0x30 ./build/freertos.a(queue.o)
                                 0x44 (size before relaxing)
                0x4020528c                uxQueueMessagesWaiting
 .text.uxQueueMessagesWaitingFromISR
                0x402052bc       0x26 ./build/freertos.a(queue.o)
                                 0x2e (size before relaxing)
                0x402052bc                uxQueueMessagesWaitingFromISR
 *fill*         0x402052e2        0x2 
 .text.vQueueDelete
                0x402052e4       0x29 ./build/freertos.a(queue.o)
                                 0x35 (size before relaxing)
                0x402052e4                vQueueDelete
 *fill*         0x4020530d        0x3 
 .text.vQueueWaitForMessageRestricted
                0x40205310       0x77 ./build/freertos.a(queue.o)
                                 0x87 (size before relaxing)
                0x40205310                vQueueWaitForMessageRestricted
 *fill*         0x40205387        0x1 
 .text.vAssertCalled
                0x40205388       0x22 ./build/freertos.a(port.o)
                                 0x26 (size before relaxing)
                0x40205390                vAssertCalled
 *fill*         0x402053aa        0x2 
 .text.pxPortInitialiseStack
                0x402053ac       0x34 ./build/freertos.a(port.o)
                0x402053b0                pxPortInitialiseStack
 .text.xPortSysTickHandle
                0x402053e0       0x14 ./build/freertos.a(port.o)
                                 0x23 (size before relaxing)
                0x402053e0                xPortSysTickHandle
 *fill*         0x402053f4        0x0 
 .text.xPortStartScheduler
                0x402053f4       0x7e ./build/freertos.a(port.o)
                                 0x8e (size before relaxing)
                0x40205408                xPortStartScheduler
 *fill*         0x40205472        0x2 
 .text.xPortGetFreeHeapSize
                0x40205474       0x28 ./build/freertos.a(port.o)
                                 0x38 (size before relaxing)
                0x40205474                xPortGetFreeHeapSize
 .text.xTaskGenericCreate
                0x4020549c       0x15 ./build/freertos.a(port.o)
                                 0x19 (size before relaxing)
                0x4020549c                xTaskGenericCreate
 *fill*         0x402054b1        0x3 
 .text.xQueueGenericReceive
                0x402054b4       0x1e ./build/freertos.a(port.o)
                                 0x2d (size before relaxing)
                0x402054b8                xQueueGenericReceive
 *fill*         0x402054d2        0x2 
 .text.low_level_output
                0x402054d4       0x56 ./build/lwip.a(esp_interface.o)
                                 0x72 (size before relaxing)
 *fill*         0x4020552a        0x2 
 .text.pp_recycle_rx_pbuf
                0x4020552c       0x38 ./build/lwip.a(esp_interface.o)
                                 0x44 (size before relaxing)
                0x40205530                pp_recycle_rx_pbuf
 .text.ooseq_bytes_limit
                0x40205564        0x9 ./build/lwip.a(esp_interface.o)
                0x40205568                ooseq_bytes_limit
 *fill*         0x4020556d        0x3 
 .text.ooseq_pbufs_limit
                0x40205570       0x41 ./build/lwip.a(esp_interface.o)
                                 0x49 (size before relaxing)
                0x40205570                ooseq_pbufs_limit
 *fill*         0x402055b1        0x3 
 .text.ethernetif_input
                0x402055b4       0x9b ./build/lwip.a(esp_interface.o)
                                 0xb6 (size before relaxing)
                0x402055c0                ethernetif_input
 *fill*         0x4020564f        0x1 
 .text.sdk_pbuf_alloc
                0x40205650       0x33 ./build/lwip.a(esp_interface.o)
                                 0x3b (size before relaxing)
                0x40205650                sdk_pbuf_alloc
 *fill*         0x40205683        0x1 
 .text.ethernetif_init
                0x40205684       0x2d ./build/lwip.a(esp_interface.o)
                0x40205694                ethernetif_init
 *fill*         0x402056b1        0x3 
 .text.sys_sem_signal
                0x402056b4       0x17 ./build/lwip.a(sys_arch.o)
                                 0x1f (size before relaxing)
                0x402056b4                sys_sem_signal
 *fill*         0x402056cb        0x1 
 .text.sys_arch_sem_wait
                0x402056cc       0x5b ./build/lwip.a(sys_arch.o)
                                 0x67 (size before relaxing)
                0x402056cc                sys_arch_sem_wait
 *fill*         0x40205727        0x1 
 .text.sys_mutex_new
                0x40205728       0x29 ./build/lwip.a(sys_arch.o)
                                 0x2d (size before relaxing)
                0x40205728                sys_mutex_new
 *fill*         0x40205751        0x3 
 .text.sys_mutex_free
                0x40205754       0x1e ./build/lwip.a(sys_arch.o)
                                 0x22 (size before relaxing)
                0x40205754                sys_mutex_free
 *fill*         0x40205772        0x2 
 .text.sys_sem_free
                0x40205774        0xf ./build/lwip.a(sys_arch.o)
                                 0x17 (size before relaxing)
                0x40205774                sys_sem_free
 *fill*         0x40205783        0x1 
 .text.sys_mbox_new
                0x40205784       0x2c ./build/lwip.a(sys_arch.o)
                                 0x34 (size before relaxing)
                0x40205784                sys_mbox_new
 .text.sys_mbox_free
                0x402057b0       0x31 ./build/lwip.a(sys_arch.o)
                                 0x41 (size before relaxing)
                0x402057b4                sys_mbox_free
 *fill*         0x402057e1        0x3 
 .text.sys_mbox_trypost
                0x402057e4       0x2b ./build/lwip.a(sys_arch.o)
                                 0x2f (size before relaxing)
                0x402057e4                sys_mbox_trypost
 *fill*         0x4020580f        0x1 
 .text.sys_arch_mbox_fetch
                0x40205810       0x60 ./build/lwip.a(sys_arch.o)
                                 0x70 (size before relaxing)
                0x40205810                sys_arch_mbox_fetch
 .text.sys_arch_mbox_tryfetch
                0x40205870       0x2c ./build/lwip.a(sys_arch.o)
                                 0x30 (size before relaxing)
                0x40205870                sys_arch_mbox_tryfetch
 .text.sys_now  0x4020589c       0x17 ./build/lwip.a(sys_arch.o)
                                 0x1f (size before relaxing)
                0x4020589c                sys_now
 *fill*         0x402058b3        0x1 
 .text.sys_thread_new
                0x402058b4       0x2a ./build/lwip.a(sys_arch.o)
                                 0x2e (size before relaxing)
                0x402058b4                sys_thread_new
 *fill*         0x402058de        0x2 
 .text.sys_arch_protect
                0x402058e0       0x20 ./build/lwip.a(sys_arch.o)
                                 0x24 (size before relaxing)
                0x402058e4                sys_arch_protect
 .text.sys_arch_unprotect
                0x40205900       0x2d ./build/lwip.a(sys_arch.o)
                                 0x39 (size before relaxing)
                0x40205904                sys_arch_unprotect
 *fill*         0x4020592d        0x3 
 .text.sys_lock_tcpip_core
                0x40205930       0x49 ./build/lwip.a(sys_arch.o)
                                 0x55 (size before relaxing)
                0x4020593c                sys_lock_tcpip_core
 *fill*         0x40205979        0x3 
 .text.sys_unlock_tcpip_core
                0x4020597c       0x2b ./build/lwip.a(sys_arch.o)
                                 0x3f (size before relaxing)
                0x4020597c                sys_unlock_tcpip_core
 *fill*         0x402059a7        0x1 
 .text.sys_mark_tcpip_thread
                0x402059a8       0x18 ./build/lwip.a(sys_arch.o)
                                 0x20 (size before relaxing)
                0x402059ac                sys_mark_tcpip_thread
 .text.sys_check_core_locking
                0x402059c0       0x31 ./build/lwip.a(sys_arch.o)
                                 0x4c (size before relaxing)
                0x402059c4                sys_check_core_locking
 *fill*         0x402059f1        0x3 
 .text.tcpip_thread
                0x402059f4       0xc3 ./build/lwip.a(tcpip.o)
                                0x113 (size before relaxing)
 *fill*         0x40205ab7        0x1 
 .text.tcpip_inpkt
                0x40205ab8       0x57 ./build/lwip.a(tcpip.o)
                                 0x73 (size before relaxing)
                0x40205ab8                tcpip_inpkt
 *fill*         0x40205b0f        0x1 
 .text.tcpip_input
                0x40205b10       0x34 ./build/lwip.a(tcpip.o)
                                 0x43 (size before relaxing)
                0x40205b18                tcpip_input
 *fill*         0x40205b44        0x0 
 .text.tcpip_try_callback
                0x40205b44       0x4d ./build/lwip.a(tcpip.o)
                                 0x69 (size before relaxing)
                0x40205b44                tcpip_try_callback
 *fill*         0x40205b91        0x3 
 .text.tcpip_send_msg_wait_sem
                0x40205b94       0x25 ./build/lwip.a(tcpip.o)
                                 0x35 (size before relaxing)
                0x40205b94                tcpip_send_msg_wait_sem
 *fill*         0x40205bb9        0x3 
 .text.tcpip_init
                0x40205bbc       0x4c ./build/lwip.a(tcpip.o)
                                 0x78 (size before relaxing)
                0x40205bc4                tcpip_init
 .text.lwip_htonl
                0x40205c08       0x2b ./build/lwip.a(def.o)
                0x40205c10                lwip_htonl
 *fill*         0x40205c33        0x1 
 .text.netif_issue_reports
                0x40205c34       0x3d ./build/lwip.a(netif.o)
                                 0x49 (size before relaxing)
 *fill*         0x40205c71        0x3 
 .text.netif_do_set_ipaddr
                0x40205c74       0x45 ./build/lwip.a(netif.o)
                                 0x59 (size before relaxing)
 *fill*         0x40205cb9        0x3 
 .text.netif_set_addr
                0x40205cbc       0x6f ./build/lwip.a(netif.o)
                                 0x7f (size before relaxing)
                0x40205cc0                netif_set_addr
 *fill*         0x40205d2b        0x1 
 .text.netif_add
                0x40205d2c      0x101 ./build/lwip.a(netif.o)
                                0x115 (size before relaxing)
                0x40205d34                netif_add
 *fill*         0x40205e2d        0x3 
 .text.netif_set_default
                0x40205e30       0x1e ./build/lwip.a(netif.o)
                                 0x26 (size before relaxing)
                0x40205e34                netif_set_default
 *fill*         0x40205e4e        0x2 
 .text.netif_set_up
                0x40205e50       0x2d ./build/lwip.a(netif.o)
                                 0x39 (size before relaxing)
                0x40205e50                netif_set_up
 *fill*         0x40205e7d        0x3 
 .text.netif_set_down
                0x40205e80       0x2e ./build/lwip.a(netif.o)
                                 0x3a (size before relaxing)
                0x40205e80                netif_set_down
 *fill*         0x40205eae        0x2 
 .text.netif_get_by_index
                0x40205eb0       0x33 ./build/lwip.a(netif.o)
                                 0x3b (size before relaxing)
                0x40205eb0                netif_get_by_index
 *fill*         0x40205ee3        0x1 
 .text.pbuf_free_ooseq_callback
                0x40205ee4       0x40 ./build/lwip.a(pbuf.o)
                                 0x54 (size before relaxing)
 .text.pbuf_free$part$3
                0x40205f24       0x87 ./build/lwip.a(pbuf.o)
                                 0xaf (size before relaxing)
 *fill*         0x40205fab        0x1 
 .text.pbuf_copy_partial$part$7
                0x40205fac       0x71 ./build/lwip.a(pbuf.o)
                                 0x75 (size before relaxing)
 *fill*         0x4020601d        0x3 
 .text.pbuf_header_impl
                0x40206020       0x49 ./build/lwip.a(pbuf.o)
                                 0x51 (size before relaxing)
 *fill*         0x40206069        0x3 
 .text.pbuf_alloc_reference
                0x4020606c       0x42 ./build/lwip.a(pbuf.o)
                                 0x46 (size before relaxing)
                0x4020606c                pbuf_alloc_reference
 *fill*         0x402060ae        0x2 
 .text.pbuf_alloc
                0x402060b0      0x155 ./build/lwip.a(pbuf.o)
                                0x191 (size before relaxing)
                0x402060bc                pbuf_alloc
 *fill*         0x40206205        0x3 
 .text.pbuf_realloc
                0x40206208       0x71 ./build/lwip.a(pbuf.o)
                                 0x7d (size before relaxing)
                0x40206208                pbuf_realloc
 *fill*         0x40206279        0x3 
 .text.pbuf_add_header
                0x4020627c       0x35 ./build/lwip.a(pbuf.o)
                                 0x39 (size before relaxing)
                0x40206280                pbuf_add_header
 *fill*         0x402062b1        0x3 
 .text.pbuf_remove_header
                0x402062b4       0x42 ./build/lwip.a(pbuf.o)
                                 0x46 (size before relaxing)
                0x402062b4                pbuf_remove_header
 *fill*         0x402062f6        0x2 
 .text.pbuf_header_force
                0x402062f8       0x17 ./build/lwip.a(pbuf.o)
                                 0x1f (size before relaxing)
                0x402062f8                pbuf_header_force
 *fill*         0x4020630f        0x1 
 .text.pbuf_free_header
                0x40206310       0x53 ./build/lwip.a(pbuf.o)
                                 0x5b (size before relaxing)
                0x40206310                pbuf_free_header
 *fill*         0x40206363        0x1 
 .text.pbuf_free
                0x40206364       0x11 ./build/lwip.a(pbuf.o)
                                 0x18 (size before relaxing)
                0x40206364                pbuf_free
 *fill*         0x40206375        0x3 
 .text.pbuf_ref
                0x40206378       0x25 ./build/lwip.a(pbuf.o)
                                 0x31 (size before relaxing)
                0x40206378                pbuf_ref
 *fill*         0x4020639d        0x3 
 .text.pbuf_cat
                0x402063a0       0x23 ./build/lwip.a(pbuf.o)
                                 0x27 (size before relaxing)
                0x402063a0                pbuf_cat
 *fill*         0x402063c3        0x1 
 .text.pbuf_chain
                0x402063c4       0x3f ./build/lwip.a(pbuf.o)
                                 0x4f (size before relaxing)
                0x402063c4                pbuf_chain
 *fill*         0x40206403        0x1 
 .text.pbuf_copy
                0x40206404      0x10f ./build/lwip.a(pbuf.o)
                                0x113 (size before relaxing)
                0x40206404                pbuf_copy
 *fill*         0x40206513        0x1 
 .text.pbuf_copy_partial
                0x40206514       0x31 ./build/lwip.a(pbuf.o)
                                 0x35 (size before relaxing)
                0x40206514                pbuf_copy_partial
 *fill*         0x40206545        0x3 
 .text.pbuf_take
                0x40206548       0x72 ./build/lwip.a(pbuf.o)
                                 0x76 (size before relaxing)
                0x40206548                pbuf_take
 *fill*         0x402065ba        0x2 
 .text.pbuf_take_at
                0x402065bc       0x93 ./build/lwip.a(pbuf.o)
                                 0x9f (size before relaxing)
                0x402065bc                pbuf_take_at
 *fill*         0x4020664f        0x1 
 .text.pbuf_clone
                0x40206650       0x2b ./build/lwip.a(pbuf.o)
                                 0x37 (size before relaxing)
                0x40206650                pbuf_clone
 *fill*         0x4020667b        0x1 
 .text.sys_timeout_abs
                0x4020667c       0x63 ./build/lwip.a(timeouts.o)
                                 0x67 (size before relaxing)
 *fill*         0x402066df        0x1 
 .text.lwip_cyclic_timer
                0x402066e0       0x31 ./build/lwip.a(timeouts.o)
                                 0x39 (size before relaxing)
 *fill*         0x40206711        0x3 
 .text.sys_timeouts_init
                0x40206714       0x63 ./build/lwip.a(timeouts.o)
                                 0x7b (size before relaxing)
                0x4020671c                sys_timeouts_init
 *fill*         0x40206777        0x1 
 .text.sys_timeout
                0x40206778       0x27 ./build/lwip.a(timeouts.o)
                                 0x3b (size before relaxing)
                0x40206778                sys_timeout
 *fill*         0x4020679f        0x1 
 .text.tcp_timer_needed
                0x402067a0       0x3f ./build/lwip.a(timeouts.o)
                                 0x53 (size before relaxing)
                0x402067ac                tcp_timer_needed
 *fill*         0x402067df        0x1 
 .text.tcpip_tcp_timer
                0x402067e0       0x35 ./build/lwip.a(timeouts.o)
                                 0x51 (size before relaxing)
 *fill*         0x40206815        0x3 
 .text.sys_check_timeouts
                0x40206818       0x5b ./build/lwip.a(timeouts.o)
                                 0x77 (size before relaxing)
                0x40206818                sys_check_timeouts